
Allocating common symbols
Common symbol       size              file

i                   0x4               main.o

Memory Configuration

Name             Origin             Length             Attributes
flash            0x08000000         0x00020000         xr
sram             0x20000000         0x00005000         xrw
*default*        0x00000000         0xffffffff

Linker script and memory map


.text           0x08000000      0x1e4
 *(.vectors*)
 .vectors       0x08000000       0x1c startup.o
                0x08000000                vectors
 *(.text*)
 .text          0x0800001c       0xc8 main.o
                0x0800001c                main
 .text          0x080000e4       0xfc startup.o
                0x080000e4                H_Fault_Handler
                0x080000e4                MM_Fault_Handler
                0x080000e4                Usage_Fault_Handler
                0x080000e4                Bus_Fault
                0x080000e4                Default_Handler
                0x080000e4                NMI_Handler
                0x080000f0                Reset_Handler
 *(.rodata)
 .rodata        0x080001e0        0x4 main.o
                0x080001e0                const_Var
                0x080001e4                _E_text = .

.glue_7         0x080001e4        0x0
 .glue_7        0x00000000        0x0 linker stubs

.glue_7t        0x080001e4        0x0
 .glue_7t       0x00000000        0x0 linker stubs

.vfp11_veneer   0x080001e4        0x0
 .vfp11_veneer  0x00000000        0x0 linker stubs

.v4_bx          0x080001e4        0x0
 .v4_bx         0x00000000        0x0 linker stubs

.iplt           0x080001e4        0x0
 .iplt          0x00000000        0x0 main.o

.rel.dyn        0x080001e4        0x0
 .rel.iplt      0x00000000        0x0 main.o

.data           0x20000000       0x10 load address 0x080001e4
                0x20000000                _S_data = .
 *(.data)
 .data          0x20000000       0x10 main.o
                0x20000000                APB2ENR
                0x20000004                R_CRH
                0x20000008                GPIOA_ODR
                0x2000000c                g_variables
 .data          0x20000010        0x0 startup.o
                0x20000010                _E_data = .

.igot.plt       0x20000010        0x0 load address 0x080001f4
 .igot.plt      0x00000000        0x0 main.o

.bss            0x20000010     0x1004 load address 0x080001f4
                0x20000010                _S_bss = .
 *(.bss)
 .bss           0x20000010        0x0 main.o
 .bss           0x20000010        0x0 startup.o
                0x20000010                . = ALIGN (0x4)
                0x20000010                _E_bss = .
                0x20001010                . = (. + 0x1000)
 *fill*         0x20000010     0x1000 
                0x20001010                _stack_top = .
 COMMON         0x20001010        0x4 main.o
                0x20001010                i
LOAD main.o
LOAD startup.o
OUTPUT(lab_2.elf elf32-littlearm)

.debug_info     0x00000000      0x3c3
 .debug_info    0x00000000      0x252 main.o
 .debug_info    0x00000252      0x171 startup.o

.debug_abbrev   0x00000000      0x1a7
 .debug_abbrev  0x00000000       0xe5 main.o
 .debug_abbrev  0x000000e5       0xc2 startup.o

.debug_loc      0x00000000       0x90
 .debug_loc     0x00000000       0x2c main.o
 .debug_loc     0x0000002c       0x64 startup.o

.debug_aranges  0x00000000       0x40
 .debug_aranges
                0x00000000       0x20 main.o
 .debug_aranges
                0x00000020       0x20 startup.o

.debug_line     0x00000000       0xe4
 .debug_line    0x00000000       0x69 main.o
 .debug_line    0x00000069       0x7b startup.o

.debug_str      0x00000000      0x1fb
 .debug_str     0x00000000      0x17d main.o
                                0x19d (size before relaxing)
 .debug_str     0x0000017d       0x7e startup.o
                                0x181 (size before relaxing)

.comment        0x00000000       0x11
 .comment       0x00000000       0x11 main.o
                                 0x12 (size before relaxing)
 .comment       0x00000000       0x12 startup.o

.ARM.attributes
                0x00000000       0x33
 .ARM.attributes
                0x00000000       0x33 main.o
 .ARM.attributes
                0x00000033       0x33 startup.o

.debug_frame    0x00000000       0x74
 .debug_frame   0x00000000       0x28 main.o
 .debug_frame   0x00000028       0x4c startup.o
