Stm32_F103C6_EXTI_Driver.c:27:6:Enable_NVIC	16	static
Stm32_F103C6_EXTI_Driver.c:60:6:Disable_NVIC	16	static
Stm32_F103C6_EXTI_Driver.c:93:6:Update_EXTI	24	static
Stm32_F103C6_EXTI_Driver.c:161:6:MCAL_EXTI_GPIO_Init	16	static
Stm32_F103C6_EXTI_Driver.c:178:6:MCAL_EXTI_GPIO_Update	16	static
Stm32_F103C6_EXTI_Driver.c:191:6:MCAL_EXTI_GPIO_DeInit	4	static
Stm32_F103C6_EXTI_Driver.c:214:6:EXTI0_IRQHandler	8	static
Stm32_F103C6_EXTI_Driver.c:220:6:EXTI1_IRQHandler	8	static
Stm32_F103C6_EXTI_Driver.c:226:6:EXTI2_IRQHandler	8	static
Stm32_F103C6_EXTI_Driver.c:232:6:EXTI3_IRQHandler	8	static
Stm32_F103C6_EXTI_Driver.c:238:6:EXTI4_IRQHandler	8	static
Stm32_F103C6_EXTI_Driver.c:244:6:EXTI9_5_IRQHandler	8	static
Stm32_F103C6_EXTI_Driver.c:253:6:EXTI15_10_IRQHandler	8	static
