Archive member included to satisfy reference by file (symbol)

c:/st/stm32cubeide_1.4.0/stm32cubeide/plugins/com.st.stm32cube.ide.mcu.externaltools.gnu-tools-for-stm32.7-2018-q2-update.win32_1.4.0.202007081208/tools/bin/../lib/gcc/arm-none-eabi/7.3.1/../../../../arm-none-eabi/lib/thumb/v7-m\libc_nano.a(lib_a-errno.o)
                              Src/syscalls.o (__errno)
c:/st/stm32cubeide_1.4.0/stm32cubeide/plugins/com.st.stm32cube.ide.mcu.externaltools.gnu-tools-for-stm32.7-2018-q2-update.win32_1.4.0.202007081208/tools/bin/../lib/gcc/arm-none-eabi/7.3.1/../../../../arm-none-eabi/lib/thumb/v7-m\libc_nano.a(lib_a-exit.o)
                              c:/st/stm32cubeide_1.4.0/stm32cubeide/plugins/com.st.stm32cube.ide.mcu.externaltools.gnu-tools-for-stm32.7-2018-q2-update.win32_1.4.0.202007081208/tools/bin/../lib/gcc/arm-none-eabi/7.3.1/../../../../arm-none-eabi/lib/thumb/v7-m/crt0.o (exit)
c:/st/stm32cubeide_1.4.0/stm32cubeide/plugins/com.st.stm32cube.ide.mcu.externaltools.gnu-tools-for-stm32.7-2018-q2-update.win32_1.4.0.202007081208/tools/bin/../lib/gcc/arm-none-eabi/7.3.1/../../../../arm-none-eabi/lib/thumb/v7-m\libc_nano.a(lib_a-impure.o)
                              c:/st/stm32cubeide_1.4.0/stm32cubeide/plugins/com.st.stm32cube.ide.mcu.externaltools.gnu-tools-for-stm32.7-2018-q2-update.win32_1.4.0.202007081208/tools/bin/../lib/gcc/arm-none-eabi/7.3.1/../../../../arm-none-eabi/lib/thumb/v7-m\libc_nano.a(lib_a-exit.o) (_global_impure_ptr)
c:/st/stm32cubeide_1.4.0/stm32cubeide/plugins/com.st.stm32cube.ide.mcu.externaltools.gnu-tools-for-stm32.7-2018-q2-update.win32_1.4.0.202007081208/tools/bin/../lib/gcc/arm-none-eabi/7.3.1/../../../../arm-none-eabi/lib/thumb/v7-m\libc_nano.a(lib_a-init.o)
                              c:/st/stm32cubeide_1.4.0/stm32cubeide/plugins/com.st.stm32cube.ide.mcu.externaltools.gnu-tools-for-stm32.7-2018-q2-update.win32_1.4.0.202007081208/tools/bin/../lib/gcc/arm-none-eabi/7.3.1/../../../../arm-none-eabi/lib/thumb/v7-m/crt0.o (__libc_init_array)
c:/st/stm32cubeide_1.4.0/stm32cubeide/plugins/com.st.stm32cube.ide.mcu.externaltools.gnu-tools-for-stm32.7-2018-q2-update.win32_1.4.0.202007081208/tools/bin/../lib/gcc/arm-none-eabi/7.3.1/../../../../arm-none-eabi/lib/thumb/v7-m\libc_nano.a(lib_a-memset.o)
                              c:/st/stm32cubeide_1.4.0/stm32cubeide/plugins/com.st.stm32cube.ide.mcu.externaltools.gnu-tools-for-stm32.7-2018-q2-update.win32_1.4.0.202007081208/tools/bin/../lib/gcc/arm-none-eabi/7.3.1/../../../../arm-none-eabi/lib/thumb/v7-m/crt0.o (memset)

Allocating common symbols
Common symbol       size              file

PinConfig           0x4               LCD_Driver/LCD.o
GP_IRQ_Callback     0x3c              Stm32_F103C6_Drivers/EXTI/Stm32_F103C6_EXTI_Driver.o

Discarded input sections

 .text          0x0000000000000000        0x0 c:/st/stm32cubeide_1.4.0/stm32cubeide/plugins/com.st.stm32cube.ide.mcu.externaltools.gnu-tools-for-stm32.7-2018-q2-update.win32_1.4.0.202007081208/tools/bin/../lib/gcc/arm-none-eabi/7.3.1/thumb/v7-m/crti.o
 .data          0x0000000000000000        0x0 c:/st/stm32cubeide_1.4.0/stm32cubeide/plugins/com.st.stm32cube.ide.mcu.externaltools.gnu-tools-for-stm32.7-2018-q2-update.win32_1.4.0.202007081208/tools/bin/../lib/gcc/arm-none-eabi/7.3.1/thumb/v7-m/crti.o
 .bss           0x0000000000000000        0x0 c:/st/stm32cubeide_1.4.0/stm32cubeide/plugins/com.st.stm32cube.ide.mcu.externaltools.gnu-tools-for-stm32.7-2018-q2-update.win32_1.4.0.202007081208/tools/bin/../lib/gcc/arm-none-eabi/7.3.1/thumb/v7-m/crti.o
 .data          0x0000000000000000        0x4 c:/st/stm32cubeide_1.4.0/stm32cubeide/plugins/com.st.stm32cube.ide.mcu.externaltools.gnu-tools-for-stm32.7-2018-q2-update.win32_1.4.0.202007081208/tools/bin/../lib/gcc/arm-none-eabi/7.3.1/thumb/v7-m/crtbegin.o
 .text          0x0000000000000000       0x74 c:/st/stm32cubeide_1.4.0/stm32cubeide/plugins/com.st.stm32cube.ide.mcu.externaltools.gnu-tools-for-stm32.7-2018-q2-update.win32_1.4.0.202007081208/tools/bin/../lib/gcc/arm-none-eabi/7.3.1/../../../../arm-none-eabi/lib/thumb/v7-m/crt0.o
 .data          0x0000000000000000        0x0 c:/st/stm32cubeide_1.4.0/stm32cubeide/plugins/com.st.stm32cube.ide.mcu.externaltools.gnu-tools-for-stm32.7-2018-q2-update.win32_1.4.0.202007081208/tools/bin/../lib/gcc/arm-none-eabi/7.3.1/../../../../arm-none-eabi/lib/thumb/v7-m/crt0.o
 .bss           0x0000000000000000        0x0 c:/st/stm32cubeide_1.4.0/stm32cubeide/plugins/com.st.stm32cube.ide.mcu.externaltools.gnu-tools-for-stm32.7-2018-q2-update.win32_1.4.0.202007081208/tools/bin/../lib/gcc/arm-none-eabi/7.3.1/../../../../arm-none-eabi/lib/thumb/v7-m/crt0.o
 .ARM.extab     0x0000000000000000        0x0 c:/st/stm32cubeide_1.4.0/stm32cubeide/plugins/com.st.stm32cube.ide.mcu.externaltools.gnu-tools-for-stm32.7-2018-q2-update.win32_1.4.0.202007081208/tools/bin/../lib/gcc/arm-none-eabi/7.3.1/../../../../arm-none-eabi/lib/thumb/v7-m/crt0.o
 .ARM.exidx     0x0000000000000000        0x8 c:/st/stm32cubeide_1.4.0/stm32cubeide/plugins/com.st.stm32cube.ide.mcu.externaltools.gnu-tools-for-stm32.7-2018-q2-update.win32_1.4.0.202007081208/tools/bin/../lib/gcc/arm-none-eabi/7.3.1/../../../../arm-none-eabi/lib/thumb/v7-m/crt0.o
 .ARM.attributes
                0x0000000000000000       0x1b c:/st/stm32cubeide_1.4.0/stm32cubeide/plugins/com.st.stm32cube.ide.mcu.externaltools.gnu-tools-for-stm32.7-2018-q2-update.win32_1.4.0.202007081208/tools/bin/../lib/gcc/arm-none-eabi/7.3.1/../../../../arm-none-eabi/lib/thumb/v7-m/crt0.o
 .group         0x0000000000000000        0xc Keypad_Driver/Keypad.o
 .group         0x0000000000000000        0xc Keypad_Driver/Keypad.o
 .group         0x0000000000000000        0xc Keypad_Driver/Keypad.o
 .group         0x0000000000000000        0xc Keypad_Driver/Keypad.o
 .group         0x0000000000000000        0xc Keypad_Driver/Keypad.o
 .group         0x0000000000000000        0xc Keypad_Driver/Keypad.o
 .group         0x0000000000000000        0xc Keypad_Driver/Keypad.o
 .group         0x0000000000000000        0xc Keypad_Driver/Keypad.o
 .group         0x0000000000000000        0xc Keypad_Driver/Keypad.o
 .group         0x0000000000000000        0xc Keypad_Driver/Keypad.o
 .group         0x0000000000000000        0xc Keypad_Driver/Keypad.o
 .group         0x0000000000000000        0xc Keypad_Driver/Keypad.o
 .group         0x0000000000000000        0xc Keypad_Driver/Keypad.o
 .group         0x0000000000000000        0xc Keypad_Driver/Keypad.o
 .group         0x0000000000000000        0xc Keypad_Driver/Keypad.o
 .group         0x0000000000000000        0xc Keypad_Driver/Keypad.o
 .group         0x0000000000000000        0xc Keypad_Driver/Keypad.o
 .group         0x0000000000000000        0xc Keypad_Driver/Keypad.o
 .group         0x0000000000000000        0xc Keypad_Driver/Keypad.o
 .group         0x0000000000000000        0xc Keypad_Driver/Keypad.o
 .group         0x0000000000000000        0xc Keypad_Driver/Keypad.o
 .group         0x0000000000000000        0xc Keypad_Driver/Keypad.o
 .group         0x0000000000000000        0xc Keypad_Driver/Keypad.o
 .group         0x0000000000000000        0xc Keypad_Driver/Keypad.o
 .group         0x0000000000000000        0xc Keypad_Driver/Keypad.o
 .text          0x0000000000000000        0x0 Keypad_Driver/Keypad.o
 .data          0x0000000000000000        0x0 Keypad_Driver/Keypad.o
 .bss           0x0000000000000000        0x0 Keypad_Driver/Keypad.o
 .data.Keypad_Keys
                0x0000000000000000       0x10 Keypad_Driver/Keypad.o
 .data.Keypad_Rows
                0x0000000000000000        0x8 Keypad_Driver/Keypad.o
 .data.Keypad_Colomn
                0x0000000000000000        0x8 Keypad_Driver/Keypad.o
 .text.delay_ms
                0x0000000000000000       0x38 Keypad_Driver/Keypad.o
 .text.HAL_Keypad_Init
                0x0000000000000000       0xb4 Keypad_Driver/Keypad.o
 .text.HAL_Keypad_Getkey
                0x0000000000000000       0xd8 Keypad_Driver/Keypad.o
 .debug_info    0x0000000000000000      0xb71 Keypad_Driver/Keypad.o
 .debug_abbrev  0x0000000000000000      0x1e0 Keypad_Driver/Keypad.o
 .debug_loc     0x0000000000000000       0xfc Keypad_Driver/Keypad.o
 .debug_aranges
                0x0000000000000000       0x30 Keypad_Driver/Keypad.o
 .debug_ranges  0x0000000000000000       0x20 Keypad_Driver/Keypad.o
 .debug_macro   0x0000000000000000      0x152 Keypad_Driver/Keypad.o
 .debug_macro   0x0000000000000000      0xa60 Keypad_Driver/Keypad.o
 .debug_macro   0x0000000000000000       0x18 Keypad_Driver/Keypad.o
 .debug_macro   0x0000000000000000       0x22 Keypad_Driver/Keypad.o
 .debug_macro   0x0000000000000000       0x40 Keypad_Driver/Keypad.o
 .debug_macro   0x0000000000000000       0x94 Keypad_Driver/Keypad.o
 .debug_macro   0x0000000000000000       0x3c Keypad_Driver/Keypad.o
 .debug_macro   0x0000000000000000       0x34 Keypad_Driver/Keypad.o
 .debug_macro   0x0000000000000000       0x16 Keypad_Driver/Keypad.o
 .debug_macro   0x0000000000000000      0x10e Keypad_Driver/Keypad.o
 .debug_macro   0x0000000000000000       0x8d Keypad_Driver/Keypad.o
 .debug_macro   0x0000000000000000       0x57 Keypad_Driver/Keypad.o
 .debug_macro   0x0000000000000000       0x52 Keypad_Driver/Keypad.o
 .debug_macro   0x0000000000000000       0x1f Keypad_Driver/Keypad.o
 .debug_macro   0x0000000000000000       0x43 Keypad_Driver/Keypad.o
 .debug_macro   0x0000000000000000       0x20 Keypad_Driver/Keypad.o
 .debug_macro   0x0000000000000000      0x1a3 Keypad_Driver/Keypad.o
 .debug_macro   0x0000000000000000      0x330 Keypad_Driver/Keypad.o
 .debug_macro   0x0000000000000000       0x16 Keypad_Driver/Keypad.o
 .debug_macro   0x0000000000000000       0x29 Keypad_Driver/Keypad.o
 .debug_macro   0x0000000000000000       0xef Keypad_Driver/Keypad.o
 .debug_macro   0x0000000000000000       0x6a Keypad_Driver/Keypad.o
 .debug_macro   0x0000000000000000      0x1df Keypad_Driver/Keypad.o
 .debug_macro   0x0000000000000000      0x1b0 Keypad_Driver/Keypad.o
 .debug_macro   0x0000000000000000       0xd0 Keypad_Driver/Keypad.o
 .debug_macro   0x0000000000000000       0x3a Keypad_Driver/Keypad.o
 .debug_line    0x0000000000000000      0x650 Keypad_Driver/Keypad.o
 .debug_str     0x0000000000000000     0x7d9c Keypad_Driver/Keypad.o
 .comment       0x0000000000000000       0x7c Keypad_Driver/Keypad.o
 .debug_frame   0x0000000000000000       0x80 Keypad_Driver/Keypad.o
 .ARM.attributes
                0x0000000000000000       0x33 Keypad_Driver/Keypad.o
 .group         0x0000000000000000        0xc LCD_Driver/LCD.o
 .group         0x0000000000000000        0xc LCD_Driver/LCD.o
 .group         0x0000000000000000        0xc LCD_Driver/LCD.o
 .group         0x0000000000000000        0xc LCD_Driver/LCD.o
 .group         0x0000000000000000        0xc LCD_Driver/LCD.o
 .group         0x0000000000000000        0xc LCD_Driver/LCD.o
 .group         0x0000000000000000        0xc LCD_Driver/LCD.o
 .group         0x0000000000000000        0xc LCD_Driver/LCD.o
 .group         0x0000000000000000        0xc LCD_Driver/LCD.o
 .group         0x0000000000000000        0xc LCD_Driver/LCD.o
 .group         0x0000000000000000        0xc LCD_Driver/LCD.o
 .group         0x0000000000000000        0xc LCD_Driver/LCD.o
 .group         0x0000000000000000        0xc LCD_Driver/LCD.o
 .group         0x0000000000000000        0xc LCD_Driver/LCD.o
 .group         0x0000000000000000        0xc LCD_Driver/LCD.o
 .group         0x0000000000000000        0xc LCD_Driver/LCD.o
 .group         0x0000000000000000        0xc LCD_Driver/LCD.o
 .group         0x0000000000000000        0xc LCD_Driver/LCD.o
 .group         0x0000000000000000        0xc LCD_Driver/LCD.o
 .group         0x0000000000000000        0xc LCD_Driver/LCD.o
 .group         0x0000000000000000        0xc LCD_Driver/LCD.o
 .group         0x0000000000000000        0xc LCD_Driver/LCD.o
 .group         0x0000000000000000        0xc LCD_Driver/LCD.o
 .group         0x0000000000000000        0xc LCD_Driver/LCD.o
 .group         0x0000000000000000        0xc LCD_Driver/LCD.o
 .text          0x0000000000000000        0x0 LCD_Driver/LCD.o
 .data          0x0000000000000000        0x0 LCD_Driver/LCD.o
 .bss           0x0000000000000000        0x0 LCD_Driver/LCD.o
 .text.HAL_LCD_Is_Busy
                0x0000000000000000       0x50 LCD_Driver/LCD.o
 .text.HAL_LCD_Blink_Off
                0x0000000000000000       0x30 LCD_Driver/LCD.o
 .text.HAL_LCD_Cursor_Off
                0x0000000000000000       0x30 LCD_Driver/LCD.o
 .text.HAL_LCD_Display_Off
                0x0000000000000000       0x30 LCD_Driver/LCD.o
 .debug_macro   0x0000000000000000      0xa60 LCD_Driver/LCD.o
 .debug_macro   0x0000000000000000       0x18 LCD_Driver/LCD.o
 .debug_macro   0x0000000000000000       0x22 LCD_Driver/LCD.o
 .debug_macro   0x0000000000000000       0x40 LCD_Driver/LCD.o
 .debug_macro   0x0000000000000000       0x94 LCD_Driver/LCD.o
 .debug_macro   0x0000000000000000       0x3c LCD_Driver/LCD.o
 .debug_macro   0x0000000000000000       0x34 LCD_Driver/LCD.o
 .debug_macro   0x0000000000000000       0x16 LCD_Driver/LCD.o
 .debug_macro   0x0000000000000000      0x10e LCD_Driver/LCD.o
 .debug_macro   0x0000000000000000       0x8d LCD_Driver/LCD.o
 .debug_macro   0x0000000000000000       0x57 LCD_Driver/LCD.o
 .debug_macro   0x0000000000000000       0x52 LCD_Driver/LCD.o
 .debug_macro   0x0000000000000000       0x1f LCD_Driver/LCD.o
 .debug_macro   0x0000000000000000       0x43 LCD_Driver/LCD.o
 .debug_macro   0x0000000000000000       0x20 LCD_Driver/LCD.o
 .debug_macro   0x0000000000000000      0x1a3 LCD_Driver/LCD.o
 .debug_macro   0x0000000000000000      0x330 LCD_Driver/LCD.o
 .debug_macro   0x0000000000000000       0x16 LCD_Driver/LCD.o
 .debug_macro   0x0000000000000000       0x29 LCD_Driver/LCD.o
 .debug_macro   0x0000000000000000       0xef LCD_Driver/LCD.o
 .debug_macro   0x0000000000000000       0x6a LCD_Driver/LCD.o
 .debug_macro   0x0000000000000000      0x1df LCD_Driver/LCD.o
 .debug_macro   0x0000000000000000      0x1b0 LCD_Driver/LCD.o
 .debug_macro   0x0000000000000000       0xd0 LCD_Driver/LCD.o
 .group         0x0000000000000000        0xc Seven_Segment/Seven_Segment.o
 .group         0x0000000000000000        0xc Seven_Segment/Seven_Segment.o
 .group         0x0000000000000000        0xc Seven_Segment/Seven_Segment.o
 .group         0x0000000000000000        0xc Seven_Segment/Seven_Segment.o
 .group         0x0000000000000000        0xc Seven_Segment/Seven_Segment.o
 .group         0x0000000000000000        0xc Seven_Segment/Seven_Segment.o
 .group         0x0000000000000000        0xc Seven_Segment/Seven_Segment.o
 .group         0x0000000000000000        0xc Seven_Segment/Seven_Segment.o
 .group         0x0000000000000000        0xc Seven_Segment/Seven_Segment.o
 .group         0x0000000000000000        0xc Seven_Segment/Seven_Segment.o
 .group         0x0000000000000000        0xc Seven_Segment/Seven_Segment.o
 .group         0x0000000000000000        0xc Seven_Segment/Seven_Segment.o
 .group         0x0000000000000000        0xc Seven_Segment/Seven_Segment.o
 .group         0x0000000000000000        0xc Seven_Segment/Seven_Segment.o
 .group         0x0000000000000000        0xc Seven_Segment/Seven_Segment.o
 .group         0x0000000000000000        0xc Seven_Segment/Seven_Segment.o
 .group         0x0000000000000000        0xc Seven_Segment/Seven_Segment.o
 .group         0x0000000000000000        0xc Seven_Segment/Seven_Segment.o
 .group         0x0000000000000000        0xc Seven_Segment/Seven_Segment.o
 .group         0x0000000000000000        0xc Seven_Segment/Seven_Segment.o
 .group         0x0000000000000000        0xc Seven_Segment/Seven_Segment.o
 .group         0x0000000000000000        0xc Seven_Segment/Seven_Segment.o
 .group         0x0000000000000000        0xc Seven_Segment/Seven_Segment.o
 .group         0x0000000000000000        0xc Seven_Segment/Seven_Segment.o
 .group         0x0000000000000000        0xc Seven_Segment/Seven_Segment.o
 .text          0x0000000000000000        0x0 Seven_Segment/Seven_Segment.o
 .data          0x0000000000000000        0x0 Seven_Segment/Seven_Segment.o
 .bss           0x0000000000000000        0x0 Seven_Segment/Seven_Segment.o
 .text.HAL_Seven_Segment_Init
                0x0000000000000000       0xc4 Seven_Segment/Seven_Segment.o
 .text.HAL_Seven_Segment_Send
                0x0000000000000000       0x28 Seven_Segment/Seven_Segment.o
 .debug_info    0x0000000000000000      0xac7 Seven_Segment/Seven_Segment.o
 .debug_abbrev  0x0000000000000000      0x1a6 Seven_Segment/Seven_Segment.o
 .debug_loc     0x0000000000000000       0xa0 Seven_Segment/Seven_Segment.o
 .debug_aranges
                0x0000000000000000       0x28 Seven_Segment/Seven_Segment.o
 .debug_ranges  0x0000000000000000       0x18 Seven_Segment/Seven_Segment.o
 .debug_macro   0x0000000000000000      0x152 Seven_Segment/Seven_Segment.o
 .debug_macro   0x0000000000000000      0xa60 Seven_Segment/Seven_Segment.o
 .debug_macro   0x0000000000000000       0x18 Seven_Segment/Seven_Segment.o
 .debug_macro   0x0000000000000000       0x22 Seven_Segment/Seven_Segment.o
 .debug_macro   0x0000000000000000       0x40 Seven_Segment/Seven_Segment.o
 .debug_macro   0x0000000000000000       0x94 Seven_Segment/Seven_Segment.o
 .debug_macro   0x0000000000000000       0x3c Seven_Segment/Seven_Segment.o
 .debug_macro   0x0000000000000000       0x34 Seven_Segment/Seven_Segment.o
 .debug_macro   0x0000000000000000       0x16 Seven_Segment/Seven_Segment.o
 .debug_macro   0x0000000000000000      0x10e Seven_Segment/Seven_Segment.o
 .debug_macro   0x0000000000000000       0x8d Seven_Segment/Seven_Segment.o
 .debug_macro   0x0000000000000000       0x57 Seven_Segment/Seven_Segment.o
 .debug_macro   0x0000000000000000       0x52 Seven_Segment/Seven_Segment.o
 .debug_macro   0x0000000000000000       0x1f Seven_Segment/Seven_Segment.o
 .debug_macro   0x0000000000000000       0x43 Seven_Segment/Seven_Segment.o
 .debug_macro   0x0000000000000000       0x20 Seven_Segment/Seven_Segment.o
 .debug_macro   0x0000000000000000      0x1a3 Seven_Segment/Seven_Segment.o
 .debug_macro   0x0000000000000000      0x330 Seven_Segment/Seven_Segment.o
 .debug_macro   0x0000000000000000       0x16 Seven_Segment/Seven_Segment.o
 .debug_macro   0x0000000000000000       0x29 Seven_Segment/Seven_Segment.o
 .debug_macro   0x0000000000000000       0xef Seven_Segment/Seven_Segment.o
 .debug_macro   0x0000000000000000       0x6a Seven_Segment/Seven_Segment.o
 .debug_macro   0x0000000000000000      0x1df Seven_Segment/Seven_Segment.o
 .debug_macro   0x0000000000000000      0x1b0 Seven_Segment/Seven_Segment.o
 .debug_macro   0x0000000000000000       0xd0 Seven_Segment/Seven_Segment.o
 .debug_macro   0x0000000000000000       0x46 Seven_Segment/Seven_Segment.o
 .debug_line    0x0000000000000000      0x5f9 Seven_Segment/Seven_Segment.o
 .debug_str     0x0000000000000000     0x7d84 Seven_Segment/Seven_Segment.o
 .comment       0x0000000000000000       0x7c Seven_Segment/Seven_Segment.o
 .debug_frame   0x0000000000000000       0x58 Seven_Segment/Seven_Segment.o
 .ARM.attributes
                0x0000000000000000       0x33 Seven_Segment/Seven_Segment.o
 .group         0x0000000000000000        0xc Src/main.o
 .group         0x0000000000000000        0xc Src/main.o
 .group         0x0000000000000000        0xc Src/main.o
 .group         0x0000000000000000        0xc Src/main.o
 .group         0x0000000000000000        0xc Src/main.o
 .group         0x0000000000000000        0xc Src/main.o
 .group         0x0000000000000000        0xc Src/main.o
 .group         0x0000000000000000        0xc Src/main.o
 .group         0x0000000000000000        0xc Src/main.o
 .group         0x0000000000000000        0xc Src/main.o
 .group         0x0000000000000000        0xc Src/main.o
 .group         0x0000000000000000        0xc Src/main.o
 .group         0x0000000000000000        0xc Src/main.o
 .group         0x0000000000000000        0xc Src/main.o
 .group         0x0000000000000000        0xc Src/main.o
 .group         0x0000000000000000        0xc Src/main.o
 .group         0x0000000000000000        0xc Src/main.o
 .group         0x0000000000000000        0xc Src/main.o
 .group         0x0000000000000000        0xc Src/main.o
 .group         0x0000000000000000        0xc Src/main.o
 .group         0x0000000000000000        0xc Src/main.o
 .group         0x0000000000000000        0xc Src/main.o
 .group         0x0000000000000000        0xc Src/main.o
 .group         0x0000000000000000        0xc Src/main.o
 .group         0x0000000000000000        0xc Src/main.o
 .group         0x0000000000000000        0xc Src/main.o
 .group         0x0000000000000000        0xc Src/main.o
 .group         0x0000000000000000        0xc Src/main.o
 .text          0x0000000000000000        0x0 Src/main.o
 .data          0x0000000000000000        0x0 Src/main.o
 .bss           0x0000000000000000        0x0 Src/main.o
 .debug_macro   0x0000000000000000      0xa60 Src/main.o
 .debug_macro   0x0000000000000000       0x18 Src/main.o
 .debug_macro   0x0000000000000000       0x22 Src/main.o
 .debug_macro   0x0000000000000000       0x40 Src/main.o
 .debug_macro   0x0000000000000000       0x94 Src/main.o
 .debug_macro   0x0000000000000000       0x3c Src/main.o
 .debug_macro   0x0000000000000000       0x34 Src/main.o
 .debug_macro   0x0000000000000000       0x16 Src/main.o
 .debug_macro   0x0000000000000000      0x10e Src/main.o
 .debug_macro   0x0000000000000000       0x8d Src/main.o
 .debug_macro   0x0000000000000000       0x57 Src/main.o
 .debug_macro   0x0000000000000000       0x52 Src/main.o
 .debug_macro   0x0000000000000000       0x1f Src/main.o
 .debug_macro   0x0000000000000000       0x43 Src/main.o
 .debug_macro   0x0000000000000000       0x20 Src/main.o
 .debug_macro   0x0000000000000000      0x1a3 Src/main.o
 .debug_macro   0x0000000000000000      0x330 Src/main.o
 .debug_macro   0x0000000000000000       0x16 Src/main.o
 .debug_macro   0x0000000000000000       0x29 Src/main.o
 .debug_macro   0x0000000000000000       0xef Src/main.o
 .debug_macro   0x0000000000000000       0x6a Src/main.o
 .debug_macro   0x0000000000000000      0x1df Src/main.o
 .debug_macro   0x0000000000000000      0x1b0 Src/main.o
 .debug_macro   0x0000000000000000       0xd0 Src/main.o
 .debug_macro   0x0000000000000000       0xd0 Src/main.o
 .group         0x0000000000000000        0xc Src/syscalls.o
 .group         0x0000000000000000        0xc Src/syscalls.o
 .group         0x0000000000000000        0xc Src/syscalls.o
 .group         0x0000000000000000        0xc Src/syscalls.o
 .group         0x0000000000000000        0xc Src/syscalls.o
 .group         0x0000000000000000        0xc Src/syscalls.o
 .group         0x0000000000000000        0xc Src/syscalls.o
 .group         0x0000000000000000        0xc Src/syscalls.o
 .group         0x0000000000000000        0xc Src/syscalls.o
 .group         0x0000000000000000        0xc Src/syscalls.o
 .group         0x0000000000000000        0xc Src/syscalls.o
 .group         0x0000000000000000        0xc Src/syscalls.o
 .group         0x0000000000000000        0xc Src/syscalls.o
 .group         0x0000000000000000        0xc Src/syscalls.o
 .group         0x0000000000000000        0xc Src/syscalls.o
 .group         0x0000000000000000        0xc Src/syscalls.o
 .group         0x0000000000000000        0xc Src/syscalls.o
 .group         0x0000000000000000        0xc Src/syscalls.o
 .group         0x0000000000000000        0xc Src/syscalls.o
 .group         0x0000000000000000        0xc Src/syscalls.o
 .group         0x0000000000000000        0xc Src/syscalls.o
 .group         0x0000000000000000        0xc Src/syscalls.o
 .group         0x0000000000000000        0xc Src/syscalls.o
 .group         0x0000000000000000        0xc Src/syscalls.o
 .group         0x0000000000000000        0xc Src/syscalls.o
 .group         0x0000000000000000        0xc Src/syscalls.o
 .group         0x0000000000000000        0xc Src/syscalls.o
 .group         0x0000000000000000        0xc Src/syscalls.o
 .group         0x0000000000000000        0xc Src/syscalls.o
 .group         0x0000000000000000        0xc Src/syscalls.o
 .group         0x0000000000000000        0xc Src/syscalls.o
 .group         0x0000000000000000        0xc Src/syscalls.o
 .group         0x0000000000000000        0xc Src/syscalls.o
 .group         0x0000000000000000        0xc Src/syscalls.o
 .group         0x0000000000000000        0xc Src/syscalls.o
 .group         0x0000000000000000        0xc Src/syscalls.o
 .group         0x0000000000000000        0xc Src/syscalls.o
 .group         0x0000000000000000        0xc Src/syscalls.o
 .group         0x0000000000000000        0xc Src/syscalls.o
 .group         0x0000000000000000        0xc Src/syscalls.o
 .group         0x0000000000000000        0xc Src/syscalls.o
 .group         0x0000000000000000        0xc Src/syscalls.o
 .group         0x0000000000000000        0xc Src/syscalls.o
 .group         0x0000000000000000        0xc Src/syscalls.o
 .text          0x0000000000000000        0x0 Src/syscalls.o
 .data          0x0000000000000000        0x0 Src/syscalls.o
 .bss           0x0000000000000000        0x0 Src/syscalls.o
 .bss.__env     0x0000000000000000        0x4 Src/syscalls.o
 .data.environ  0x0000000000000000        0x4 Src/syscalls.o
 .text.initialise_monitor_handles
                0x0000000000000000        0xc Src/syscalls.o
 .text._getpid  0x0000000000000000        0xe Src/syscalls.o
 .text._kill    0x0000000000000000       0x20 Src/syscalls.o
 .text._exit    0x0000000000000000       0x14 Src/syscalls.o
 .text._read    0x0000000000000000       0x3a Src/syscalls.o
 .text._write   0x0000000000000000       0x38 Src/syscalls.o
 .text._close   0x0000000000000000       0x16 Src/syscalls.o
 .text._fstat   0x0000000000000000       0x1e Src/syscalls.o
 .text._isatty  0x0000000000000000       0x14 Src/syscalls.o
 .text._lseek   0x0000000000000000       0x18 Src/syscalls.o
 .text._open    0x0000000000000000       0x1a Src/syscalls.o
 .text._wait    0x0000000000000000       0x1e Src/syscalls.o
 .text._unlink  0x0000000000000000       0x1e Src/syscalls.o
 .text._times   0x0000000000000000       0x16 Src/syscalls.o
 .text._stat    0x0000000000000000       0x1e Src/syscalls.o
 .text._link    0x0000000000000000       0x20 Src/syscalls.o
 .text._fork    0x0000000000000000       0x16 Src/syscalls.o
 .text._execve  0x0000000000000000       0x22 Src/syscalls.o
 .debug_info    0x0000000000000000     0x1038 Src/syscalls.o
 .debug_abbrev  0x0000000000000000      0x254 Src/syscalls.o
 .debug_loc     0x0000000000000000      0x5b8 Src/syscalls.o
 .debug_aranges
                0x0000000000000000       0xa8 Src/syscalls.o
 .debug_ranges  0x0000000000000000       0x98 Src/syscalls.o
 .debug_macro   0x0000000000000000      0x243 Src/syscalls.o
 .debug_macro   0x0000000000000000      0xa60 Src/syscalls.o
 .debug_macro   0x0000000000000000       0x22 Src/syscalls.o
 .debug_macro   0x0000000000000000       0x40 Src/syscalls.o
 .debug_macro   0x0000000000000000       0x18 Src/syscalls.o
 .debug_macro   0x0000000000000000       0x94 Src/syscalls.o
 .debug_macro   0x0000000000000000       0x3c Src/syscalls.o
 .debug_macro   0x0000000000000000       0x34 Src/syscalls.o
 .debug_macro   0x0000000000000000       0x57 Src/syscalls.o
 .debug_macro   0x0000000000000000      0x174 Src/syscalls.o
 .debug_macro   0x0000000000000000      0x330 Src/syscalls.o
 .debug_macro   0x0000000000000000       0x52 Src/syscalls.o
 .debug_macro   0x0000000000000000       0x1f Src/syscalls.o
 .debug_macro   0x0000000000000000       0x43 Src/syscalls.o
 .debug_macro   0x0000000000000000       0x20 Src/syscalls.o
 .debug_macro   0x0000000000000000      0x1a3 Src/syscalls.o
 .debug_macro   0x0000000000000000       0x10 Src/syscalls.o
 .debug_macro   0x0000000000000000       0x35 Src/syscalls.o
 .debug_macro   0x0000000000000000       0x10 Src/syscalls.o
 .debug_macro   0x0000000000000000       0x10 Src/syscalls.o
 .debug_macro   0x0000000000000000       0x10 Src/syscalls.o
 .debug_macro   0x0000000000000000       0x6a Src/syscalls.o
 .debug_macro   0x0000000000000000       0x1c Src/syscalls.o
 .debug_macro   0x0000000000000000       0x52 Src/syscalls.o
 .debug_macro   0x0000000000000000       0x40 Src/syscalls.o
 .debug_macro   0x0000000000000000       0x10 Src/syscalls.o
 .debug_macro   0x0000000000000000       0x40 Src/syscalls.o
 .debug_macro   0x0000000000000000       0xd7 Src/syscalls.o
 .debug_macro   0x0000000000000000       0x1c Src/syscalls.o
 .debug_macro   0x0000000000000000       0x3d Src/syscalls.o
 .debug_macro   0x0000000000000000       0x35 Src/syscalls.o
 .debug_macro   0x0000000000000000      0x122 Src/syscalls.o
 .debug_macro   0x0000000000000000       0x16 Src/syscalls.o
 .debug_macro   0x0000000000000000       0x16 Src/syscalls.o
 .debug_macro   0x0000000000000000       0x29 Src/syscalls.o
 .debug_macro   0x0000000000000000       0x10 Src/syscalls.o
 .debug_macro   0x0000000000000000      0x241 Src/syscalls.o
 .debug_macro   0x0000000000000000       0x1c Src/syscalls.o
 .debug_macro   0x0000000000000000       0x10 Src/syscalls.o
 .debug_macro   0x0000000000000000       0x10 Src/syscalls.o
 .debug_macro   0x0000000000000000       0x16 Src/syscalls.o
 .debug_macro   0x0000000000000000      0x145 Src/syscalls.o
 .debug_macro   0x0000000000000000      0x189 Src/syscalls.o
 .debug_macro   0x0000000000000000       0x16 Src/syscalls.o
 .debug_macro   0x0000000000000000       0x88 Src/syscalls.o
 .debug_line    0x0000000000000000      0x739 Src/syscalls.o
 .debug_str     0x0000000000000000     0x8884 Src/syscalls.o
 .comment       0x0000000000000000       0x7c Src/syscalls.o
 .debug_frame   0x0000000000000000      0x2ac Src/syscalls.o
 .ARM.attributes
                0x0000000000000000       0x33 Src/syscalls.o
 .group         0x0000000000000000        0xc Src/sysmem.o
 .group         0x0000000000000000        0xc Src/sysmem.o
 .group         0x0000000000000000        0xc Src/sysmem.o
 .group         0x0000000000000000        0xc Src/sysmem.o
 .group         0x0000000000000000        0xc Src/sysmem.o
 .group         0x0000000000000000        0xc Src/sysmem.o
 .group         0x0000000000000000        0xc Src/sysmem.o
 .group         0x0000000000000000        0xc Src/sysmem.o
 .group         0x0000000000000000        0xc Src/sysmem.o
 .group         0x0000000000000000        0xc Src/sysmem.o
 .group         0x0000000000000000        0xc Src/sysmem.o
 .group         0x0000000000000000        0xc Src/sysmem.o
 .group         0x0000000000000000        0xc Src/sysmem.o
 .group         0x0000000000000000        0xc Src/sysmem.o
 .group         0x0000000000000000        0xc Src/sysmem.o
 .group         0x0000000000000000        0xc Src/sysmem.o
 .group         0x0000000000000000        0xc Src/sysmem.o
 .group         0x0000000000000000        0xc Src/sysmem.o
 .group         0x0000000000000000        0xc Src/sysmem.o
 .text          0x0000000000000000        0x0 Src/sysmem.o
 .data          0x0000000000000000        0x0 Src/sysmem.o
 .bss           0x0000000000000000        0x0 Src/sysmem.o
 .bss.__sbrk_heap_end
                0x0000000000000000        0x4 Src/sysmem.o
 .text._sbrk    0x0000000000000000       0x6c Src/sysmem.o
 .debug_info    0x0000000000000000      0xa7c Src/sysmem.o
 .debug_abbrev  0x0000000000000000      0x18e Src/sysmem.o
 .debug_loc     0x0000000000000000       0x50 Src/sysmem.o
 .debug_aranges
                0x0000000000000000       0x20 Src/sysmem.o
 .debug_ranges  0x0000000000000000       0x10 Src/sysmem.o
 .debug_macro   0x0000000000000000       0xee Src/sysmem.o
 .debug_macro   0x0000000000000000      0xa60 Src/sysmem.o
 .debug_macro   0x0000000000000000       0x10 Src/sysmem.o
 .debug_macro   0x0000000000000000       0x22 Src/sysmem.o
 .debug_macro   0x0000000000000000       0x40 Src/sysmem.o
 .debug_macro   0x0000000000000000       0x18 Src/sysmem.o
 .debug_macro   0x0000000000000000       0x94 Src/sysmem.o
 .debug_macro   0x0000000000000000       0x3c Src/sysmem.o
 .debug_macro   0x0000000000000000       0x34 Src/sysmem.o
 .debug_macro   0x0000000000000000      0x174 Src/sysmem.o
 .debug_macro   0x0000000000000000       0x57 Src/sysmem.o
 .debug_macro   0x0000000000000000       0x52 Src/sysmem.o
 .debug_macro   0x0000000000000000       0x1f Src/sysmem.o
 .debug_macro   0x0000000000000000       0x43 Src/sysmem.o
 .debug_macro   0x0000000000000000       0x20 Src/sysmem.o
 .debug_macro   0x0000000000000000      0x1a3 Src/sysmem.o
 .debug_macro   0x0000000000000000      0x23b Src/sysmem.o
 .debug_macro   0x0000000000000000       0xef Src/sysmem.o
 .debug_macro   0x0000000000000000       0x6a Src/sysmem.o
 .debug_macro   0x0000000000000000      0x1df Src/sysmem.o
 .debug_line    0x0000000000000000      0x4c2 Src/sysmem.o
 .debug_str     0x0000000000000000     0x5f52 Src/sysmem.o
 .comment       0x0000000000000000       0x7c Src/sysmem.o
 .debug_frame   0x0000000000000000       0x34 Src/sysmem.o
 .ARM.attributes
                0x0000000000000000       0x33 Src/sysmem.o
 .text          0x0000000000000000       0x14 Startup/startup_stm32f103c6tx.o
 .data          0x0000000000000000        0x0 Startup/startup_stm32f103c6tx.o
 .bss           0x0000000000000000        0x0 Startup/startup_stm32f103c6tx.o
 .group         0x0000000000000000        0xc Stm32_F103C6_Drivers/EXTI/Stm32_F103C6_EXTI_Driver.o
 .group         0x0000000000000000        0xc Stm32_F103C6_Drivers/EXTI/Stm32_F103C6_EXTI_Driver.o
 .group         0x0000000000000000        0xc Stm32_F103C6_Drivers/EXTI/Stm32_F103C6_EXTI_Driver.o
 .group         0x0000000000000000        0xc Stm32_F103C6_Drivers/EXTI/Stm32_F103C6_EXTI_Driver.o
 .group         0x0000000000000000        0xc Stm32_F103C6_Drivers/EXTI/Stm32_F103C6_EXTI_Driver.o
 .group         0x0000000000000000        0xc Stm32_F103C6_Drivers/EXTI/Stm32_F103C6_EXTI_Driver.o
 .group         0x0000000000000000        0xc Stm32_F103C6_Drivers/EXTI/Stm32_F103C6_EXTI_Driver.o
 .group         0x0000000000000000        0xc Stm32_F103C6_Drivers/EXTI/Stm32_F103C6_EXTI_Driver.o
 .group         0x0000000000000000        0xc Stm32_F103C6_Drivers/EXTI/Stm32_F103C6_EXTI_Driver.o
 .group         0x0000000000000000        0xc Stm32_F103C6_Drivers/EXTI/Stm32_F103C6_EXTI_Driver.o
 .group         0x0000000000000000        0xc Stm32_F103C6_Drivers/EXTI/Stm32_F103C6_EXTI_Driver.o
 .group         0x0000000000000000        0xc Stm32_F103C6_Drivers/EXTI/Stm32_F103C6_EXTI_Driver.o
 .group         0x0000000000000000        0xc Stm32_F103C6_Drivers/EXTI/Stm32_F103C6_EXTI_Driver.o
 .group         0x0000000000000000        0xc Stm32_F103C6_Drivers/EXTI/Stm32_F103C6_EXTI_Driver.o
 .group         0x0000000000000000        0xc Stm32_F103C6_Drivers/EXTI/Stm32_F103C6_EXTI_Driver.o
 .group         0x0000000000000000        0xc Stm32_F103C6_Drivers/EXTI/Stm32_F103C6_EXTI_Driver.o
 .group         0x0000000000000000        0xc Stm32_F103C6_Drivers/EXTI/Stm32_F103C6_EXTI_Driver.o
 .group         0x0000000000000000        0xc Stm32_F103C6_Drivers/EXTI/Stm32_F103C6_EXTI_Driver.o
 .group         0x0000000000000000        0xc Stm32_F103C6_Drivers/EXTI/Stm32_F103C6_EXTI_Driver.o
 .group         0x0000000000000000        0xc Stm32_F103C6_Drivers/EXTI/Stm32_F103C6_EXTI_Driver.o
 .group         0x0000000000000000        0xc Stm32_F103C6_Drivers/EXTI/Stm32_F103C6_EXTI_Driver.o
 .group         0x0000000000000000        0xc Stm32_F103C6_Drivers/EXTI/Stm32_F103C6_EXTI_Driver.o
 .group         0x0000000000000000        0xc Stm32_F103C6_Drivers/EXTI/Stm32_F103C6_EXTI_Driver.o
 .group         0x0000000000000000        0xc Stm32_F103C6_Drivers/EXTI/Stm32_F103C6_EXTI_Driver.o
 .group         0x0000000000000000        0xc Stm32_F103C6_Drivers/EXTI/Stm32_F103C6_EXTI_Driver.o
 .text          0x0000000000000000        0x0 Stm32_F103C6_Drivers/EXTI/Stm32_F103C6_EXTI_Driver.o
 .data          0x0000000000000000        0x0 Stm32_F103C6_Drivers/EXTI/Stm32_F103C6_EXTI_Driver.o
 .bss           0x0000000000000000        0x0 Stm32_F103C6_Drivers/EXTI/Stm32_F103C6_EXTI_Driver.o
 .text.MCAL_EXTI_GPIO_Update
                0x0000000000000000       0x16 Stm32_F103C6_Drivers/EXTI/Stm32_F103C6_EXTI_Driver.o
 .text.MCAL_EXTI_GPIO_DeInit
                0x0000000000000000       0xa0 Stm32_F103C6_Drivers/EXTI/Stm32_F103C6_EXTI_Driver.o
 .debug_macro   0x0000000000000000      0xa60 Stm32_F103C6_Drivers/EXTI/Stm32_F103C6_EXTI_Driver.o
 .debug_macro   0x0000000000000000       0x18 Stm32_F103C6_Drivers/EXTI/Stm32_F103C6_EXTI_Driver.o
 .debug_macro   0x0000000000000000       0x22 Stm32_F103C6_Drivers/EXTI/Stm32_F103C6_EXTI_Driver.o
 .debug_macro   0x0000000000000000       0x40 Stm32_F103C6_Drivers/EXTI/Stm32_F103C6_EXTI_Driver.o
 .debug_macro   0x0000000000000000       0x94 Stm32_F103C6_Drivers/EXTI/Stm32_F103C6_EXTI_Driver.o
 .debug_macro   0x0000000000000000       0x3c Stm32_F103C6_Drivers/EXTI/Stm32_F103C6_EXTI_Driver.o
 .debug_macro   0x0000000000000000       0x34 Stm32_F103C6_Drivers/EXTI/Stm32_F103C6_EXTI_Driver.o
 .debug_macro   0x0000000000000000       0x16 Stm32_F103C6_Drivers/EXTI/Stm32_F103C6_EXTI_Driver.o
 .debug_macro   0x0000000000000000      0x10e Stm32_F103C6_Drivers/EXTI/Stm32_F103C6_EXTI_Driver.o
 .debug_macro   0x0000000000000000       0x8d Stm32_F103C6_Drivers/EXTI/Stm32_F103C6_EXTI_Driver.o
 .debug_macro   0x0000000000000000       0x57 Stm32_F103C6_Drivers/EXTI/Stm32_F103C6_EXTI_Driver.o
 .debug_macro   0x0000000000000000       0x52 Stm32_F103C6_Drivers/EXTI/Stm32_F103C6_EXTI_Driver.o
 .debug_macro   0x0000000000000000       0x1f Stm32_F103C6_Drivers/EXTI/Stm32_F103C6_EXTI_Driver.o
 .debug_macro   0x0000000000000000       0x43 Stm32_F103C6_Drivers/EXTI/Stm32_F103C6_EXTI_Driver.o
 .debug_macro   0x0000000000000000       0x20 Stm32_F103C6_Drivers/EXTI/Stm32_F103C6_EXTI_Driver.o
 .debug_macro   0x0000000000000000      0x1a3 Stm32_F103C6_Drivers/EXTI/Stm32_F103C6_EXTI_Driver.o
 .debug_macro   0x0000000000000000      0x330 Stm32_F103C6_Drivers/EXTI/Stm32_F103C6_EXTI_Driver.o
 .debug_macro   0x0000000000000000       0x16 Stm32_F103C6_Drivers/EXTI/Stm32_F103C6_EXTI_Driver.o
 .debug_macro   0x0000000000000000       0x29 Stm32_F103C6_Drivers/EXTI/Stm32_F103C6_EXTI_Driver.o
 .debug_macro   0x0000000000000000       0xef Stm32_F103C6_Drivers/EXTI/Stm32_F103C6_EXTI_Driver.o
 .debug_macro   0x0000000000000000       0x6a Stm32_F103C6_Drivers/EXTI/Stm32_F103C6_EXTI_Driver.o
 .debug_macro   0x0000000000000000      0x1df Stm32_F103C6_Drivers/EXTI/Stm32_F103C6_EXTI_Driver.o
 .debug_macro   0x0000000000000000      0x1b0 Stm32_F103C6_Drivers/EXTI/Stm32_F103C6_EXTI_Driver.o
 .debug_macro   0x0000000000000000       0xd0 Stm32_F103C6_Drivers/EXTI/Stm32_F103C6_EXTI_Driver.o
 .debug_macro   0x0000000000000000      0x21b Stm32_F103C6_Drivers/EXTI/Stm32_F103C6_EXTI_Driver.o
 .group         0x0000000000000000        0xc Stm32_F103C6_Drivers/GPIO/Stm32_F103C6_GPIO_Driver.o
 .group         0x0000000000000000        0xc Stm32_F103C6_Drivers/GPIO/Stm32_F103C6_GPIO_Driver.o
 .group         0x0000000000000000        0xc Stm32_F103C6_Drivers/GPIO/Stm32_F103C6_GPIO_Driver.o
 .group         0x0000000000000000        0xc Stm32_F103C6_Drivers/GPIO/Stm32_F103C6_GPIO_Driver.o
 .group         0x0000000000000000        0xc Stm32_F103C6_Drivers/GPIO/Stm32_F103C6_GPIO_Driver.o
 .group         0x0000000000000000        0xc Stm32_F103C6_Drivers/GPIO/Stm32_F103C6_GPIO_Driver.o
 .group         0x0000000000000000        0xc Stm32_F103C6_Drivers/GPIO/Stm32_F103C6_GPIO_Driver.o
 .group         0x0000000000000000        0xc Stm32_F103C6_Drivers/GPIO/Stm32_F103C6_GPIO_Driver.o
 .group         0x0000000000000000        0xc Stm32_F103C6_Drivers/GPIO/Stm32_F103C6_GPIO_Driver.o
 .group         0x0000000000000000        0xc Stm32_F103C6_Drivers/GPIO/Stm32_F103C6_GPIO_Driver.o
 .group         0x0000000000000000        0xc Stm32_F103C6_Drivers/GPIO/Stm32_F103C6_GPIO_Driver.o
 .group         0x0000000000000000        0xc Stm32_F103C6_Drivers/GPIO/Stm32_F103C6_GPIO_Driver.o
 .group         0x0000000000000000        0xc Stm32_F103C6_Drivers/GPIO/Stm32_F103C6_GPIO_Driver.o
 .group         0x0000000000000000        0xc Stm32_F103C6_Drivers/GPIO/Stm32_F103C6_GPIO_Driver.o
 .group         0x0000000000000000        0xc Stm32_F103C6_Drivers/GPIO/Stm32_F103C6_GPIO_Driver.o
 .group         0x0000000000000000        0xc Stm32_F103C6_Drivers/GPIO/Stm32_F103C6_GPIO_Driver.o
 .group         0x0000000000000000        0xc Stm32_F103C6_Drivers/GPIO/Stm32_F103C6_GPIO_Driver.o
 .group         0x0000000000000000        0xc Stm32_F103C6_Drivers/GPIO/Stm32_F103C6_GPIO_Driver.o
 .group         0x0000000000000000        0xc Stm32_F103C6_Drivers/GPIO/Stm32_F103C6_GPIO_Driver.o
 .group         0x0000000000000000        0xc Stm32_F103C6_Drivers/GPIO/Stm32_F103C6_GPIO_Driver.o
 .group         0x0000000000000000        0xc Stm32_F103C6_Drivers/GPIO/Stm32_F103C6_GPIO_Driver.o
 .group         0x0000000000000000        0xc Stm32_F103C6_Drivers/GPIO/Stm32_F103C6_GPIO_Driver.o
 .group         0x0000000000000000        0xc Stm32_F103C6_Drivers/GPIO/Stm32_F103C6_GPIO_Driver.o
 .group         0x0000000000000000        0xc Stm32_F103C6_Drivers/GPIO/Stm32_F103C6_GPIO_Driver.o
 .text          0x0000000000000000        0x0 Stm32_F103C6_Drivers/GPIO/Stm32_F103C6_GPIO_Driver.o
 .data          0x0000000000000000        0x0 Stm32_F103C6_Drivers/GPIO/Stm32_F103C6_GPIO_Driver.o
 .bss           0x0000000000000000        0x0 Stm32_F103C6_Drivers/GPIO/Stm32_F103C6_GPIO_Driver.o
 .text.MCAL_GPIO_DeInit
                0x0000000000000000       0xd4 Stm32_F103C6_Drivers/GPIO/Stm32_F103C6_GPIO_Driver.o
 .text.MCAL_GPIO_ReadPin
                0x0000000000000000       0x2e Stm32_F103C6_Drivers/GPIO/Stm32_F103C6_GPIO_Driver.o
 .text.MCAL_GPIO_ReadPort
                0x0000000000000000       0x1a Stm32_F103C6_Drivers/GPIO/Stm32_F103C6_GPIO_Driver.o
 .text.MCAL_GPIO_TogglePin
                0x0000000000000000       0x22 Stm32_F103C6_Drivers/GPIO/Stm32_F103C6_GPIO_Driver.o
 .text.MCAL_GPIO_LockPin
                0x0000000000000000       0x60 Stm32_F103C6_Drivers/GPIO/Stm32_F103C6_GPIO_Driver.o
 .debug_macro   0x0000000000000000      0xa60 Stm32_F103C6_Drivers/GPIO/Stm32_F103C6_GPIO_Driver.o
 .debug_macro   0x0000000000000000       0x18 Stm32_F103C6_Drivers/GPIO/Stm32_F103C6_GPIO_Driver.o
 .debug_macro   0x0000000000000000       0x22 Stm32_F103C6_Drivers/GPIO/Stm32_F103C6_GPIO_Driver.o
 .debug_macro   0x0000000000000000       0x40 Stm32_F103C6_Drivers/GPIO/Stm32_F103C6_GPIO_Driver.o
 .debug_macro   0x0000000000000000       0x94 Stm32_F103C6_Drivers/GPIO/Stm32_F103C6_GPIO_Driver.o
 .debug_macro   0x0000000000000000       0x3c Stm32_F103C6_Drivers/GPIO/Stm32_F103C6_GPIO_Driver.o
 .debug_macro   0x0000000000000000       0x34 Stm32_F103C6_Drivers/GPIO/Stm32_F103C6_GPIO_Driver.o
 .debug_macro   0x0000000000000000       0x16 Stm32_F103C6_Drivers/GPIO/Stm32_F103C6_GPIO_Driver.o
 .debug_macro   0x0000000000000000      0x10e Stm32_F103C6_Drivers/GPIO/Stm32_F103C6_GPIO_Driver.o
 .debug_macro   0x0000000000000000       0x8d Stm32_F103C6_Drivers/GPIO/Stm32_F103C6_GPIO_Driver.o
 .debug_macro   0x0000000000000000       0x57 Stm32_F103C6_Drivers/GPIO/Stm32_F103C6_GPIO_Driver.o
 .debug_macro   0x0000000000000000       0x52 Stm32_F103C6_Drivers/GPIO/Stm32_F103C6_GPIO_Driver.o
 .debug_macro   0x0000000000000000       0x1f Stm32_F103C6_Drivers/GPIO/Stm32_F103C6_GPIO_Driver.o
 .debug_macro   0x0000000000000000       0x43 Stm32_F103C6_Drivers/GPIO/Stm32_F103C6_GPIO_Driver.o
 .debug_macro   0x0000000000000000       0x20 Stm32_F103C6_Drivers/GPIO/Stm32_F103C6_GPIO_Driver.o
 .debug_macro   0x0000000000000000      0x1a3 Stm32_F103C6_Drivers/GPIO/Stm32_F103C6_GPIO_Driver.o
 .debug_macro   0x0000000000000000      0x330 Stm32_F103C6_Drivers/GPIO/Stm32_F103C6_GPIO_Driver.o
 .debug_macro   0x0000000000000000       0x16 Stm32_F103C6_Drivers/GPIO/Stm32_F103C6_GPIO_Driver.o
 .debug_macro   0x0000000000000000       0x29 Stm32_F103C6_Drivers/GPIO/Stm32_F103C6_GPIO_Driver.o
 .debug_macro   0x0000000000000000       0xef Stm32_F103C6_Drivers/GPIO/Stm32_F103C6_GPIO_Driver.o
 .debug_macro   0x0000000000000000       0x6a Stm32_F103C6_Drivers/GPIO/Stm32_F103C6_GPIO_Driver.o
 .debug_macro   0x0000000000000000      0x1df Stm32_F103C6_Drivers/GPIO/Stm32_F103C6_GPIO_Driver.o
 .debug_macro   0x0000000000000000      0x1b0 Stm32_F103C6_Drivers/GPIO/Stm32_F103C6_GPIO_Driver.o
 .debug_macro   0x0000000000000000       0xd0 Stm32_F103C6_Drivers/GPIO/Stm32_F103C6_GPIO_Driver.o
 .text          0x0000000000000000        0x0 c:/st/stm32cubeide_1.4.0/stm32cubeide/plugins/com.st.stm32cube.ide.mcu.externaltools.gnu-tools-for-stm32.7-2018-q2-update.win32_1.4.0.202007081208/tools/bin/../lib/gcc/arm-none-eabi/7.3.1/../../../../arm-none-eabi/lib/thumb/v7-m\libc_nano.a(lib_a-errno.o)
 .data          0x0000000000000000        0x0 c:/st/stm32cubeide_1.4.0/stm32cubeide/plugins/com.st.stm32cube.ide.mcu.externaltools.gnu-tools-for-stm32.7-2018-q2-update.win32_1.4.0.202007081208/tools/bin/../lib/gcc/arm-none-eabi/7.3.1/../../../../arm-none-eabi/lib/thumb/v7-m\libc_nano.a(lib_a-errno.o)
 .bss           0x0000000000000000        0x0 c:/st/stm32cubeide_1.4.0/stm32cubeide/plugins/com.st.stm32cube.ide.mcu.externaltools.gnu-tools-for-stm32.7-2018-q2-update.win32_1.4.0.202007081208/tools/bin/../lib/gcc/arm-none-eabi/7.3.1/../../../../arm-none-eabi/lib/thumb/v7-m\libc_nano.a(lib_a-errno.o)
 .text.__errno  0x0000000000000000        0xc c:/st/stm32cubeide_1.4.0/stm32cubeide/plugins/com.st.stm32cube.ide.mcu.externaltools.gnu-tools-for-stm32.7-2018-q2-update.win32_1.4.0.202007081208/tools/bin/../lib/gcc/arm-none-eabi/7.3.1/../../../../arm-none-eabi/lib/thumb/v7-m\libc_nano.a(lib_a-errno.o)
 .debug_frame   0x0000000000000000       0x20 c:/st/stm32cubeide_1.4.0/stm32cubeide/plugins/com.st.stm32cube.ide.mcu.externaltools.gnu-tools-for-stm32.7-2018-q2-update.win32_1.4.0.202007081208/tools/bin/../lib/gcc/arm-none-eabi/7.3.1/../../../../arm-none-eabi/lib/thumb/v7-m\libc_nano.a(lib_a-errno.o)
 .ARM.attributes
                0x0000000000000000       0x2d c:/st/stm32cubeide_1.4.0/stm32cubeide/plugins/com.st.stm32cube.ide.mcu.externaltools.gnu-tools-for-stm32.7-2018-q2-update.win32_1.4.0.202007081208/tools/bin/../lib/gcc/arm-none-eabi/7.3.1/../../../../arm-none-eabi/lib/thumb/v7-m\libc_nano.a(lib_a-errno.o)
 .text          0x0000000000000000        0x0 c:/st/stm32cubeide_1.4.0/stm32cubeide/plugins/com.st.stm32cube.ide.mcu.externaltools.gnu-tools-for-stm32.7-2018-q2-update.win32_1.4.0.202007081208/tools/bin/../lib/gcc/arm-none-eabi/7.3.1/../../../../arm-none-eabi/lib/thumb/v7-m\libc_nano.a(lib_a-exit.o)
 .data          0x0000000000000000        0x0 c:/st/stm32cubeide_1.4.0/stm32cubeide/plugins/com.st.stm32cube.ide.mcu.externaltools.gnu-tools-for-stm32.7-2018-q2-update.win32_1.4.0.202007081208/tools/bin/../lib/gcc/arm-none-eabi/7.3.1/../../../../arm-none-eabi/lib/thumb/v7-m\libc_nano.a(lib_a-exit.o)
 .bss           0x0000000000000000        0x0 c:/st/stm32cubeide_1.4.0/stm32cubeide/plugins/com.st.stm32cube.ide.mcu.externaltools.gnu-tools-for-stm32.7-2018-q2-update.win32_1.4.0.202007081208/tools/bin/../lib/gcc/arm-none-eabi/7.3.1/../../../../arm-none-eabi/lib/thumb/v7-m\libc_nano.a(lib_a-exit.o)
 .text.exit     0x0000000000000000       0x28 c:/st/stm32cubeide_1.4.0/stm32cubeide/plugins/com.st.stm32cube.ide.mcu.externaltools.gnu-tools-for-stm32.7-2018-q2-update.win32_1.4.0.202007081208/tools/bin/../lib/gcc/arm-none-eabi/7.3.1/../../../../arm-none-eabi/lib/thumb/v7-m\libc_nano.a(lib_a-exit.o)
 .debug_frame   0x0000000000000000       0x28 c:/st/stm32cubeide_1.4.0/stm32cubeide/plugins/com.st.stm32cube.ide.mcu.externaltools.gnu-tools-for-stm32.7-2018-q2-update.win32_1.4.0.202007081208/tools/bin/../lib/gcc/arm-none-eabi/7.3.1/../../../../arm-none-eabi/lib/thumb/v7-m\libc_nano.a(lib_a-exit.o)
 .ARM.attributes
                0x0000000000000000       0x2d c:/st/stm32cubeide_1.4.0/stm32cubeide/plugins/com.st.stm32cube.ide.mcu.externaltools.gnu-tools-for-stm32.7-2018-q2-update.win32_1.4.0.202007081208/tools/bin/../lib/gcc/arm-none-eabi/7.3.1/../../../../arm-none-eabi/lib/thumb/v7-m\libc_nano.a(lib_a-exit.o)
 .text          0x0000000000000000        0x0 c:/st/stm32cubeide_1.4.0/stm32cubeide/plugins/com.st.stm32cube.ide.mcu.externaltools.gnu-tools-for-stm32.7-2018-q2-update.win32_1.4.0.202007081208/tools/bin/../lib/gcc/arm-none-eabi/7.3.1/../../../../arm-none-eabi/lib/thumb/v7-m\libc_nano.a(lib_a-impure.o)
 .data          0x0000000000000000        0x0 c:/st/stm32cubeide_1.4.0/stm32cubeide/plugins/com.st.stm32cube.ide.mcu.externaltools.gnu-tools-for-stm32.7-2018-q2-update.win32_1.4.0.202007081208/tools/bin/../lib/gcc/arm-none-eabi/7.3.1/../../../../arm-none-eabi/lib/thumb/v7-m\libc_nano.a(lib_a-impure.o)
 .bss           0x0000000000000000        0x0 c:/st/stm32cubeide_1.4.0/stm32cubeide/plugins/com.st.stm32cube.ide.mcu.externaltools.gnu-tools-for-stm32.7-2018-q2-update.win32_1.4.0.202007081208/tools/bin/../lib/gcc/arm-none-eabi/7.3.1/../../../../arm-none-eabi/lib/thumb/v7-m\libc_nano.a(lib_a-impure.o)
 .data._impure_ptr
                0x0000000000000000        0x4 c:/st/stm32cubeide_1.4.0/stm32cubeide/plugins/com.st.stm32cube.ide.mcu.externaltools.gnu-tools-for-stm32.7-2018-q2-update.win32_1.4.0.202007081208/tools/bin/../lib/gcc/arm-none-eabi/7.3.1/../../../../arm-none-eabi/lib/thumb/v7-m\libc_nano.a(lib_a-impure.o)
 .data.impure_data
                0x0000000000000000       0x60 c:/st/stm32cubeide_1.4.0/stm32cubeide/plugins/com.st.stm32cube.ide.mcu.externaltools.gnu-tools-for-stm32.7-2018-q2-update.win32_1.4.0.202007081208/tools/bin/../lib/gcc/arm-none-eabi/7.3.1/../../../../arm-none-eabi/lib/thumb/v7-m\libc_nano.a(lib_a-impure.o)
 .rodata._global_impure_ptr
                0x0000000000000000        0x4 c:/st/stm32cubeide_1.4.0/stm32cubeide/plugins/com.st.stm32cube.ide.mcu.externaltools.gnu-tools-for-stm32.7-2018-q2-update.win32_1.4.0.202007081208/tools/bin/../lib/gcc/arm-none-eabi/7.3.1/../../../../arm-none-eabi/lib/thumb/v7-m\libc_nano.a(lib_a-impure.o)
 .ARM.attributes
                0x0000000000000000       0x2d c:/st/stm32cubeide_1.4.0/stm32cubeide/plugins/com.st.stm32cube.ide.mcu.externaltools.gnu-tools-for-stm32.7-2018-q2-update.win32_1.4.0.202007081208/tools/bin/../lib/gcc/arm-none-eabi/7.3.1/../../../../arm-none-eabi/lib/thumb/v7-m\libc_nano.a(lib_a-impure.o)
 .text          0x0000000000000000        0x0 c:/st/stm32cubeide_1.4.0/stm32cubeide/plugins/com.st.stm32cube.ide.mcu.externaltools.gnu-tools-for-stm32.7-2018-q2-update.win32_1.4.0.202007081208/tools/bin/../lib/gcc/arm-none-eabi/7.3.1/../../../../arm-none-eabi/lib/thumb/v7-m\libc_nano.a(lib_a-init.o)
 .data          0x0000000000000000        0x0 c:/st/stm32cubeide_1.4.0/stm32cubeide/plugins/com.st.stm32cube.ide.mcu.externaltools.gnu-tools-for-stm32.7-2018-q2-update.win32_1.4.0.202007081208/tools/bin/../lib/gcc/arm-none-eabi/7.3.1/../../../../arm-none-eabi/lib/thumb/v7-m\libc_nano.a(lib_a-init.o)
 .bss           0x0000000000000000        0x0 c:/st/stm32cubeide_1.4.0/stm32cubeide/plugins/com.st.stm32cube.ide.mcu.externaltools.gnu-tools-for-stm32.7-2018-q2-update.win32_1.4.0.202007081208/tools/bin/../lib/gcc/arm-none-eabi/7.3.1/../../../../arm-none-eabi/lib/thumb/v7-m\libc_nano.a(lib_a-init.o)
 .text          0x0000000000000000        0x0 c:/st/stm32cubeide_1.4.0/stm32cubeide/plugins/com.st.stm32cube.ide.mcu.externaltools.gnu-tools-for-stm32.7-2018-q2-update.win32_1.4.0.202007081208/tools/bin/../lib/gcc/arm-none-eabi/7.3.1/../../../../arm-none-eabi/lib/thumb/v7-m\libc_nano.a(lib_a-memset.o)
 .data          0x0000000000000000        0x0 c:/st/stm32cubeide_1.4.0/stm32cubeide/plugins/com.st.stm32cube.ide.mcu.externaltools.gnu-tools-for-stm32.7-2018-q2-update.win32_1.4.0.202007081208/tools/bin/../lib/gcc/arm-none-eabi/7.3.1/../../../../arm-none-eabi/lib/thumb/v7-m\libc_nano.a(lib_a-memset.o)
 .bss           0x0000000000000000        0x0 c:/st/stm32cubeide_1.4.0/stm32cubeide/plugins/com.st.stm32cube.ide.mcu.externaltools.gnu-tools-for-stm32.7-2018-q2-update.win32_1.4.0.202007081208/tools/bin/../lib/gcc/arm-none-eabi/7.3.1/../../../../arm-none-eabi/lib/thumb/v7-m\libc_nano.a(lib_a-memset.o)
 .text.memset   0x0000000000000000       0x10 c:/st/stm32cubeide_1.4.0/stm32cubeide/plugins/com.st.stm32cube.ide.mcu.externaltools.gnu-tools-for-stm32.7-2018-q2-update.win32_1.4.0.202007081208/tools/bin/../lib/gcc/arm-none-eabi/7.3.1/../../../../arm-none-eabi/lib/thumb/v7-m\libc_nano.a(lib_a-memset.o)
 .debug_frame   0x0000000000000000       0x20 c:/st/stm32cubeide_1.4.0/stm32cubeide/plugins/com.st.stm32cube.ide.mcu.externaltools.gnu-tools-for-stm32.7-2018-q2-update.win32_1.4.0.202007081208/tools/bin/../lib/gcc/arm-none-eabi/7.3.1/../../../../arm-none-eabi/lib/thumb/v7-m\libc_nano.a(lib_a-memset.o)
 .ARM.attributes
                0x0000000000000000       0x2d c:/st/stm32cubeide_1.4.0/stm32cubeide/plugins/com.st.stm32cube.ide.mcu.externaltools.gnu-tools-for-stm32.7-2018-q2-update.win32_1.4.0.202007081208/tools/bin/../lib/gcc/arm-none-eabi/7.3.1/../../../../arm-none-eabi/lib/thumb/v7-m\libc_nano.a(lib_a-memset.o)
 .text          0x0000000000000000        0x0 c:/st/stm32cubeide_1.4.0/stm32cubeide/plugins/com.st.stm32cube.ide.mcu.externaltools.gnu-tools-for-stm32.7-2018-q2-update.win32_1.4.0.202007081208/tools/bin/../lib/gcc/arm-none-eabi/7.3.1/thumb/v7-m/crtend.o
 .data          0x0000000000000000        0x0 c:/st/stm32cubeide_1.4.0/stm32cubeide/plugins/com.st.stm32cube.ide.mcu.externaltools.gnu-tools-for-stm32.7-2018-q2-update.win32_1.4.0.202007081208/tools/bin/../lib/gcc/arm-none-eabi/7.3.1/thumb/v7-m/crtend.o
 .bss           0x0000000000000000        0x0 c:/st/stm32cubeide_1.4.0/stm32cubeide/plugins/com.st.stm32cube.ide.mcu.externaltools.gnu-tools-for-stm32.7-2018-q2-update.win32_1.4.0.202007081208/tools/bin/../lib/gcc/arm-none-eabi/7.3.1/thumb/v7-m/crtend.o
 .eh_frame      0x0000000000000000        0x4 c:/st/stm32cubeide_1.4.0/stm32cubeide/plugins/com.st.stm32cube.ide.mcu.externaltools.gnu-tools-for-stm32.7-2018-q2-update.win32_1.4.0.202007081208/tools/bin/../lib/gcc/arm-none-eabi/7.3.1/thumb/v7-m/crtend.o
 .ARM.attributes
                0x0000000000000000       0x2d c:/st/stm32cubeide_1.4.0/stm32cubeide/plugins/com.st.stm32cube.ide.mcu.externaltools.gnu-tools-for-stm32.7-2018-q2-update.win32_1.4.0.202007081208/tools/bin/../lib/gcc/arm-none-eabi/7.3.1/thumb/v7-m/crtend.o
 .text          0x0000000000000000        0x0 c:/st/stm32cubeide_1.4.0/stm32cubeide/plugins/com.st.stm32cube.ide.mcu.externaltools.gnu-tools-for-stm32.7-2018-q2-update.win32_1.4.0.202007081208/tools/bin/../lib/gcc/arm-none-eabi/7.3.1/thumb/v7-m/crtn.o
 .data          0x0000000000000000        0x0 c:/st/stm32cubeide_1.4.0/stm32cubeide/plugins/com.st.stm32cube.ide.mcu.externaltools.gnu-tools-for-stm32.7-2018-q2-update.win32_1.4.0.202007081208/tools/bin/../lib/gcc/arm-none-eabi/7.3.1/thumb/v7-m/crtn.o
 .bss           0x0000000000000000        0x0 c:/st/stm32cubeide_1.4.0/stm32cubeide/plugins/com.st.stm32cube.ide.mcu.externaltools.gnu-tools-for-stm32.7-2018-q2-update.win32_1.4.0.202007081208/tools/bin/../lib/gcc/arm-none-eabi/7.3.1/thumb/v7-m/crtn.o

Memory Configuration

Name             Origin             Length             Attributes
RAM              0x0000000020000000 0x0000000000002800 xrw
ROM              0x0000000008000000 0x0000000000008000 xr
*default*        0x0000000000000000 0xffffffffffffffff

Linker script and memory map

LOAD c:/st/stm32cubeide_1.4.0/stm32cubeide/plugins/com.st.stm32cube.ide.mcu.externaltools.gnu-tools-for-stm32.7-2018-q2-update.win32_1.4.0.202007081208/tools/bin/../lib/gcc/arm-none-eabi/7.3.1/thumb/v7-m/crti.o
LOAD c:/st/stm32cubeide_1.4.0/stm32cubeide/plugins/com.st.stm32cube.ide.mcu.externaltools.gnu-tools-for-stm32.7-2018-q2-update.win32_1.4.0.202007081208/tools/bin/../lib/gcc/arm-none-eabi/7.3.1/thumb/v7-m/crtbegin.o
LOAD c:/st/stm32cubeide_1.4.0/stm32cubeide/plugins/com.st.stm32cube.ide.mcu.externaltools.gnu-tools-for-stm32.7-2018-q2-update.win32_1.4.0.202007081208/tools/bin/../lib/gcc/arm-none-eabi/7.3.1/../../../../arm-none-eabi/lib/thumb/v7-m/crt0.o
LOAD Keypad_Driver/Keypad.o
LOAD LCD_Driver/LCD.o
LOAD Seven_Segment/Seven_Segment.o
LOAD Src/main.o
LOAD Src/syscalls.o
LOAD Src/sysmem.o
LOAD Startup/startup_stm32f103c6tx.o
LOAD Stm32_F103C6_Drivers/EXTI/Stm32_F103C6_EXTI_Driver.o
LOAD Stm32_F103C6_Drivers/GPIO/Stm32_F103C6_GPIO_Driver.o
START GROUP
LOAD c:/st/stm32cubeide_1.4.0/stm32cubeide/plugins/com.st.stm32cube.ide.mcu.externaltools.gnu-tools-for-stm32.7-2018-q2-update.win32_1.4.0.202007081208/tools/bin/../lib/gcc/arm-none-eabi/7.3.1/../../../../arm-none-eabi/lib/thumb/v7-m\libc_nano.a
LOAD c:/st/stm32cubeide_1.4.0/stm32cubeide/plugins/com.st.stm32cube.ide.mcu.externaltools.gnu-tools-for-stm32.7-2018-q2-update.win32_1.4.0.202007081208/tools/bin/../lib/gcc/arm-none-eabi/7.3.1/../../../../arm-none-eabi/lib/thumb/v7-m\libm.a
END GROUP
START GROUP
LOAD c:/st/stm32cubeide_1.4.0/stm32cubeide/plugins/com.st.stm32cube.ide.mcu.externaltools.gnu-tools-for-stm32.7-2018-q2-update.win32_1.4.0.202007081208/tools/bin/../lib/gcc/arm-none-eabi/7.3.1/thumb/v7-m\libgcc.a
LOAD c:/st/stm32cubeide_1.4.0/stm32cubeide/plugins/com.st.stm32cube.ide.mcu.externaltools.gnu-tools-for-stm32.7-2018-q2-update.win32_1.4.0.202007081208/tools/bin/../lib/gcc/arm-none-eabi/7.3.1/../../../../arm-none-eabi/lib/thumb/v7-m\libg_nano.a
LOAD c:/st/stm32cubeide_1.4.0/stm32cubeide/plugins/com.st.stm32cube.ide.mcu.externaltools.gnu-tools-for-stm32.7-2018-q2-update.win32_1.4.0.202007081208/tools/bin/../lib/gcc/arm-none-eabi/7.3.1/../../../../arm-none-eabi/lib/thumb/v7-m\libc_nano.a
END GROUP
START GROUP
LOAD c:/st/stm32cubeide_1.4.0/stm32cubeide/plugins/com.st.stm32cube.ide.mcu.externaltools.gnu-tools-for-stm32.7-2018-q2-update.win32_1.4.0.202007081208/tools/bin/../lib/gcc/arm-none-eabi/7.3.1/thumb/v7-m\libgcc.a
LOAD c:/st/stm32cubeide_1.4.0/stm32cubeide/plugins/com.st.stm32cube.ide.mcu.externaltools.gnu-tools-for-stm32.7-2018-q2-update.win32_1.4.0.202007081208/tools/bin/../lib/gcc/arm-none-eabi/7.3.1/../../../../arm-none-eabi/lib/thumb/v7-m\libc_nano.a
LOAD c:/st/stm32cubeide_1.4.0/stm32cubeide/plugins/com.st.stm32cube.ide.mcu.externaltools.gnu-tools-for-stm32.7-2018-q2-update.win32_1.4.0.202007081208/tools/bin/../lib/gcc/arm-none-eabi/7.3.1/../../../../arm-none-eabi/lib/thumb/v7-m\libnosys.a
END GROUP
START GROUP
LOAD c:/st/stm32cubeide_1.4.0/stm32cubeide/plugins/com.st.stm32cube.ide.mcu.externaltools.gnu-tools-for-stm32.7-2018-q2-update.win32_1.4.0.202007081208/tools/bin/../lib/gcc/arm-none-eabi/7.3.1/thumb/v7-m\libgcc.a
LOAD c:/st/stm32cubeide_1.4.0/stm32cubeide/plugins/com.st.stm32cube.ide.mcu.externaltools.gnu-tools-for-stm32.7-2018-q2-update.win32_1.4.0.202007081208/tools/bin/../lib/gcc/arm-none-eabi/7.3.1/../../../../arm-none-eabi/lib/thumb/v7-m\libc_nano.a
LOAD c:/st/stm32cubeide_1.4.0/stm32cubeide/plugins/com.st.stm32cube.ide.mcu.externaltools.gnu-tools-for-stm32.7-2018-q2-update.win32_1.4.0.202007081208/tools/bin/../lib/gcc/arm-none-eabi/7.3.1/../../../../arm-none-eabi/lib/thumb/v7-m\libnosys.a
END GROUP
LOAD c:/st/stm32cubeide_1.4.0/stm32cubeide/plugins/com.st.stm32cube.ide.mcu.externaltools.gnu-tools-for-stm32.7-2018-q2-update.win32_1.4.0.202007081208/tools/bin/../lib/gcc/arm-none-eabi/7.3.1/thumb/v7-m/crtend.o
LOAD c:/st/stm32cubeide_1.4.0/stm32cubeide/plugins/com.st.stm32cube.ide.mcu.externaltools.gnu-tools-for-stm32.7-2018-q2-update.win32_1.4.0.202007081208/tools/bin/../lib/gcc/arm-none-eabi/7.3.1/thumb/v7-m/crtn.o
                0x0000000020002800                _estack = (ORIGIN (RAM) + LENGTH (RAM))
                0x0000000000000200                _Min_Heap_Size = 0x200
                0x0000000000000400                _Min_Stack_Size = 0x400

.isr_vector     0x0000000008000000      0x130
                0x0000000008000000                . = ALIGN (0x4)
 *(.isr_vector)
 .isr_vector    0x0000000008000000      0x130 Startup/startup_stm32f103c6tx.o
                0x0000000008000000                g_pfnVectors
                0x0000000008000130                . = ALIGN (0x4)

.text           0x0000000008000130      0xeb8
                0x0000000008000130                . = ALIGN (0x4)
 *(.text)
 .text          0x0000000008000130       0x40 c:/st/stm32cubeide_1.4.0/stm32cubeide/plugins/com.st.stm32cube.ide.mcu.externaltools.gnu-tools-for-stm32.7-2018-q2-update.win32_1.4.0.202007081208/tools/bin/../lib/gcc/arm-none-eabi/7.3.1/thumb/v7-m/crtbegin.o
 *(.text*)
 .text.delay_ms
                0x0000000008000170       0x38 LCD_Driver/LCD.o
 .text.HAL_LCD_Port_GPIO
                0x00000000080001a8      0x194 LCD_Driver/LCD.o
                0x00000000080001a8                HAL_LCD_Port_GPIO
 .text.HAL_LCD_Init
                0x000000000800033c       0xb8 LCD_Driver/LCD.o
                0x000000000800033c                HAL_LCD_Init
 .text.HAL_LCD_Kick
                0x00000000080003f4       0x2c LCD_Driver/LCD.o
                0x00000000080003f4                HAL_LCD_Kick
 .text.HAL_LCD_GoTo_XY
                0x0000000008000420       0x52 LCD_Driver/LCD.o
                0x0000000008000420                HAL_LCD_GoTo_XY
 .text.HAL_LCD_Clear_Display
                0x0000000008000472        0xe LCD_Driver/LCD.o
                0x0000000008000472                HAL_LCD_Clear_Display
 .text.HAL_LCD_Send_Command
                0x0000000008000480       0x44 LCD_Driver/LCD.o
                0x0000000008000480                HAL_LCD_Send_Command
 .text.HAL_LCD_Write_Character
                0x00000000080004c4       0x44 LCD_Driver/LCD.o
                0x00000000080004c4                HAL_LCD_Write_Character
 .text.HAL_LCD_Write_String
                0x0000000008000508       0x64 LCD_Driver/LCD.o
                0x0000000008000508                HAL_LCD_Write_String
 .text.HAL_LCD_Blink_On
                0x000000000800056c       0x30 LCD_Driver/LCD.o
                0x000000000800056c                HAL_LCD_Blink_On
 .text.HAL_LCD_Cursor_On
                0x000000000800059c       0x30 LCD_Driver/LCD.o
                0x000000000800059c                HAL_LCD_Cursor_On
 .text.HAL_LCD_Display_On
                0x00000000080005cc       0x30 LCD_Driver/LCD.o
                0x00000000080005cc                HAL_LCD_Display_On
 .text.Clock_Init
                0x00000000080005fc       0x34 Src/main.o
                0x00000000080005fc                Clock_Init
 .text.delay_ms
                0x0000000008000630       0x38 Src/main.o
 .text.EXTI9_Callback
                0x0000000008000668       0x24 Src/main.o
                0x0000000008000668                EXTI9_Callback
 .text.main     0x000000000800068c       0x50 Src/main.o
                0x000000000800068c                main
 .text.Reset_Handler
                0x00000000080006dc       0x50 Startup/startup_stm32f103c6tx.o
                0x00000000080006dc                Reset_Handler
 .text.Default_Handler
                0x000000000800072c        0x2 Startup/startup_stm32f103c6tx.o
                0x000000000800072c                TIM8_TRG_COM_IRQHandler
                0x000000000800072c                TIM8_CC_IRQHandler
                0x000000000800072c                DebugMon_Handler
                0x000000000800072c                TIM1_CC_IRQHandler
                0x000000000800072c                HardFault_Handler
                0x000000000800072c                TIM6_IRQHandler
                0x000000000800072c                SysTick_Handler
                0x000000000800072c                PVD_IRQHandler
                0x000000000800072c                SDIO_IRQHandler
                0x000000000800072c                PendSV_Handler
                0x000000000800072c                NMI_Handler
                0x000000000800072c                USB_HP_CAN_TX_IRQHandler
                0x000000000800072c                I2C2_EV_IRQHandler
                0x000000000800072c                UsageFault_Handler
                0x000000000800072c                ADC1_2_IRQHandler
                0x000000000800072c                SPI1_IRQHandler
                0x000000000800072c                CAN_SCE_IRQHandler
                0x000000000800072c                TAMPER_IRQHandler
                0x000000000800072c                TIM8_UP_IRQHandler
                0x000000000800072c                DMA2_Channel2_IRQHandler
                0x000000000800072c                DMA1_Channel4_IRQHandler
                0x000000000800072c                USART3_IRQHandler
                0x000000000800072c                RTC_IRQHandler
                0x000000000800072c                DMA1_Channel7_IRQHandler
                0x000000000800072c                UART5_IRQHandler
                0x000000000800072c                ADC3_IRQHandler
                0x000000000800072c                TIM4_IRQHandler
                0x000000000800072c                CAN_RX1_IRQHandler
                0x000000000800072c                DMA2_Channel1_IRQHandler
                0x000000000800072c                I2C1_EV_IRQHandler
                0x000000000800072c                DMA1_Channel6_IRQHandler
                0x000000000800072c                UART4_IRQHandler
                0x000000000800072c                TIM3_IRQHandler
                0x000000000800072c                RCC_IRQHandler
                0x000000000800072c                TIM1_TRG_COM_IRQHandler
                0x000000000800072c                DMA1_Channel1_IRQHandler
                0x000000000800072c                Default_Handler
                0x000000000800072c                TIM7_IRQHandler
                0x000000000800072c                TIM5_IRQHandler
                0x000000000800072c                SPI2_IRQHandler
                0x000000000800072c                USB_LP_CAN_RX0_IRQHandler
                0x000000000800072c                MemManage_Handler
                0x000000000800072c                SVC_Handler
                0x000000000800072c                DMA1_Channel5_IRQHandler
                0x000000000800072c                DMA1_Channel3_IRQHandler
                0x000000000800072c                FSMC_IRQHandler
                0x000000000800072c                TIM1_UP_IRQHandler
                0x000000000800072c                WWDG_IRQHandler
                0x000000000800072c                TIM2_IRQHandler
                0x000000000800072c                TIM1_BRK_IRQHandler
                0x000000000800072c                RTCAlarm_IRQHandler
                0x000000000800072c                DMA2_Channel4_5_IRQHandler
                0x000000000800072c                USART2_IRQHandler
                0x000000000800072c                I2C2_ER_IRQHandler
                0x000000000800072c                DMA1_Channel2_IRQHandler
                0x000000000800072c                TIM8_BRK_IRQHandler
                0x000000000800072c                FLASH_IRQHandler
                0x000000000800072c                BusFault_Handler
                0x000000000800072c                USART1_IRQHandler
                0x000000000800072c                SPI3_IRQHandler
                0x000000000800072c                I2C1_ER_IRQHandler
                0x000000000800072c                DMA2_Channel3_IRQHandler
 *fill*         0x000000000800072e        0x2 
 .text.Enable_NVIC
                0x0000000008000730      0x118 Stm32_F103C6_Drivers/EXTI/Stm32_F103C6_EXTI_Driver.o
                0x0000000008000730                Enable_NVIC
 .text.Disable_NVIC
                0x0000000008000848      0x118 Stm32_F103C6_Drivers/EXTI/Stm32_F103C6_EXTI_Driver.o
                0x0000000008000848                Disable_NVIC
 .text.Update_EXTI
                0x0000000008000960      0x1e0 Stm32_F103C6_Drivers/EXTI/Stm32_F103C6_EXTI_Driver.o
                0x0000000008000960                Update_EXTI
 .text.MCAL_EXTI_GPIO_Init
                0x0000000008000b40       0x16 Stm32_F103C6_Drivers/EXTI/Stm32_F103C6_EXTI_Driver.o
                0x0000000008000b40                MCAL_EXTI_GPIO_Init
 *fill*         0x0000000008000b56        0x2 
 .text.EXTI0_IRQHandler
                0x0000000008000b58       0x24 Stm32_F103C6_Drivers/EXTI/Stm32_F103C6_EXTI_Driver.o
                0x0000000008000b58                EXTI0_IRQHandler
 .text.EXTI1_IRQHandler
                0x0000000008000b7c       0x24 Stm32_F103C6_Drivers/EXTI/Stm32_F103C6_EXTI_Driver.o
                0x0000000008000b7c                EXTI1_IRQHandler
 .text.EXTI2_IRQHandler
                0x0000000008000ba0       0x24 Stm32_F103C6_Drivers/EXTI/Stm32_F103C6_EXTI_Driver.o
                0x0000000008000ba0                EXTI2_IRQHandler
 .text.EXTI3_IRQHandler
                0x0000000008000bc4       0x24 Stm32_F103C6_Drivers/EXTI/Stm32_F103C6_EXTI_Driver.o
                0x0000000008000bc4                EXTI3_IRQHandler
 .text.EXTI4_IRQHandler
                0x0000000008000be8       0x24 Stm32_F103C6_Drivers/EXTI/Stm32_F103C6_EXTI_Driver.o
                0x0000000008000be8                EXTI4_IRQHandler
 .text.EXTI9_5_IRQHandler
                0x0000000008000c0c       0xa8 Stm32_F103C6_Drivers/EXTI/Stm32_F103C6_EXTI_Driver.o
                0x0000000008000c0c                EXTI9_5_IRQHandler
 .text.EXTI15_10_IRQHandler
                0x0000000008000cb4       0xc4 Stm32_F103C6_Drivers/EXTI/Stm32_F103C6_EXTI_Driver.o
                0x0000000008000cb4                EXTI15_10_IRQHandler
 .text.Get_Pin_Location
                0x0000000008000d78       0xc6 Stm32_F103C6_Drivers/GPIO/Stm32_F103C6_GPIO_Driver.o
                0x0000000008000d78                Get_Pin_Location
 .text.MCAL_GPIO_Init
                0x0000000008000e3e       0xfe Stm32_F103C6_Drivers/GPIO/Stm32_F103C6_GPIO_Driver.o
                0x0000000008000e3e                MCAL_GPIO_Init
 .text.MCAL_GPIO_WritePin
                0x0000000008000f3c       0x2e Stm32_F103C6_Drivers/GPIO/Stm32_F103C6_GPIO_Driver.o
                0x0000000008000f3c                MCAL_GPIO_WritePin
 .text.MCAL_GPIO_WritePort
                0x0000000008000f6a       0x1c Stm32_F103C6_Drivers/GPIO/Stm32_F103C6_GPIO_Driver.o
                0x0000000008000f6a                MCAL_GPIO_WritePort
 *fill*         0x0000000008000f86        0x2 
 .text.__libc_init_array
                0x0000000008000f88       0x48 c:/st/stm32cubeide_1.4.0/stm32cubeide/plugins/com.st.stm32cube.ide.mcu.externaltools.gnu-tools-for-stm32.7-2018-q2-update.win32_1.4.0.202007081208/tools/bin/../lib/gcc/arm-none-eabi/7.3.1/../../../../arm-none-eabi/lib/thumb/v7-m\libc_nano.a(lib_a-init.o)
                0x0000000008000f88                __libc_init_array
 *(.glue_7)
 .glue_7        0x0000000008000fd0        0x0 linker stubs
 *(.glue_7t)
 .glue_7t       0x0000000008000fd0        0x0 linker stubs
 *(.eh_frame)
 .eh_frame      0x0000000008000fd0        0x0 c:/st/stm32cubeide_1.4.0/stm32cubeide/plugins/com.st.stm32cube.ide.mcu.externaltools.gnu-tools-for-stm32.7-2018-q2-update.win32_1.4.0.202007081208/tools/bin/../lib/gcc/arm-none-eabi/7.3.1/thumb/v7-m/crtbegin.o
 *(.init)
 .init          0x0000000008000fd0        0x4 c:/st/stm32cubeide_1.4.0/stm32cubeide/plugins/com.st.stm32cube.ide.mcu.externaltools.gnu-tools-for-stm32.7-2018-q2-update.win32_1.4.0.202007081208/tools/bin/../lib/gcc/arm-none-eabi/7.3.1/thumb/v7-m/crti.o
                0x0000000008000fd0                _init
 .init          0x0000000008000fd4        0x8 c:/st/stm32cubeide_1.4.0/stm32cubeide/plugins/com.st.stm32cube.ide.mcu.externaltools.gnu-tools-for-stm32.7-2018-q2-update.win32_1.4.0.202007081208/tools/bin/../lib/gcc/arm-none-eabi/7.3.1/thumb/v7-m/crtn.o
 *(.fini)
 .fini          0x0000000008000fdc        0x4 c:/st/stm32cubeide_1.4.0/stm32cubeide/plugins/com.st.stm32cube.ide.mcu.externaltools.gnu-tools-for-stm32.7-2018-q2-update.win32_1.4.0.202007081208/tools/bin/../lib/gcc/arm-none-eabi/7.3.1/thumb/v7-m/crti.o
                0x0000000008000fdc                _fini
 .fini          0x0000000008000fe0        0x8 c:/st/stm32cubeide_1.4.0/stm32cubeide/plugins/com.st.stm32cube.ide.mcu.externaltools.gnu-tools-for-stm32.7-2018-q2-update.win32_1.4.0.202007081208/tools/bin/../lib/gcc/arm-none-eabi/7.3.1/thumb/v7-m/crtn.o
                0x0000000008000fe8                . = ALIGN (0x4)
                0x0000000008000fe8                _etext = .

.vfp11_veneer   0x0000000008000fe8        0x0
 .vfp11_veneer  0x0000000008000fe8        0x0 linker stubs

.v4_bx          0x0000000008000fe8        0x0
 .v4_bx         0x0000000008000fe8        0x0 linker stubs

.iplt           0x0000000008000fe8        0x0
 .iplt          0x0000000008000fe8        0x0 c:/st/stm32cubeide_1.4.0/stm32cubeide/plugins/com.st.stm32cube.ide.mcu.externaltools.gnu-tools-for-stm32.7-2018-q2-update.win32_1.4.0.202007081208/tools/bin/../lib/gcc/arm-none-eabi/7.3.1/thumb/v7-m/crtbegin.o

.rodata         0x0000000008000fe8       0x28
                0x0000000008000fe8                . = ALIGN (0x4)
 *(.rodata)
 .rodata        0x0000000008000fe8       0x28 Src/main.o
 *(.rodata*)
                0x0000000008001010                . = ALIGN (0x4)

.rel.dyn        0x0000000008001010        0x0
 .rel.iplt      0x0000000008001010        0x0 c:/st/stm32cubeide_1.4.0/stm32cubeide/plugins/com.st.stm32cube.ide.mcu.externaltools.gnu-tools-for-stm32.7-2018-q2-update.win32_1.4.0.202007081208/tools/bin/../lib/gcc/arm-none-eabi/7.3.1/thumb/v7-m/crtbegin.o

.ARM.extab      0x0000000008001010        0x0
                0x0000000008001010                . = ALIGN (0x4)
 *(.ARM.extab* .gnu.linkonce.armextab.*)
                0x0000000008001010                . = ALIGN (0x4)

.ARM            0x0000000008001010        0x0
                0x0000000008001010                . = ALIGN (0x4)
                0x0000000008001010                __exidx_start = .
 *(.ARM.exidx*)
                0x0000000008001010                __exidx_end = .
                0x0000000008001010                . = ALIGN (0x4)

.preinit_array  0x0000000008001010        0x0
                0x0000000008001010                . = ALIGN (0x4)
                0x0000000008001010                PROVIDE (__preinit_array_start = .)
 *(.preinit_array*)
                0x0000000008001010                PROVIDE (__preinit_array_end = .)
                0x0000000008001010                . = ALIGN (0x4)

.init_array     0x0000000008001010        0x4
                0x0000000008001010                . = ALIGN (0x4)
                0x0000000008001010                PROVIDE (__init_array_start = .)
 *(SORT_BY_NAME(.init_array.*))
 *(.init_array*)
 .init_array    0x0000000008001010        0x4 c:/st/stm32cubeide_1.4.0/stm32cubeide/plugins/com.st.stm32cube.ide.mcu.externaltools.gnu-tools-for-stm32.7-2018-q2-update.win32_1.4.0.202007081208/tools/bin/../lib/gcc/arm-none-eabi/7.3.1/thumb/v7-m/crtbegin.o
                0x0000000008001014                PROVIDE (__init_array_end = .)
                0x0000000008001014                . = ALIGN (0x4)

.fini_array     0x0000000008001014        0x4
                0x0000000008001014                . = ALIGN (0x4)
                [!provide]                        PROVIDE (__fini_array_start = .)
 *(SORT_BY_NAME(.fini_array.*))
 *(.fini_array*)
 .fini_array    0x0000000008001014        0x4 c:/st/stm32cubeide_1.4.0/stm32cubeide/plugins/com.st.stm32cube.ide.mcu.externaltools.gnu-tools-for-stm32.7-2018-q2-update.win32_1.4.0.202007081208/tools/bin/../lib/gcc/arm-none-eabi/7.3.1/thumb/v7-m/crtbegin.o
                [!provide]                        PROVIDE (__fini_array_end = .)
                0x0000000008001018                . = ALIGN (0x4)
                0x0000000008001018                _sidata = LOADADDR (.data)

.data           0x0000000020000000        0x0 load address 0x0000000008001018
                0x0000000020000000                . = ALIGN (0x4)
                0x0000000020000000                _sdata = .
 *(.data)
 *(.data*)
                0x0000000020000000                . = ALIGN (0x4)
                0x0000000020000000                _edata = .

.igot.plt       0x0000000020000000        0x0 load address 0x0000000008001018
 .igot.plt      0x0000000020000000        0x0 c:/st/stm32cubeide_1.4.0/stm32cubeide/plugins/com.st.stm32cube.ide.mcu.externaltools.gnu-tools-for-stm32.7-2018-q2-update.win32_1.4.0.202007081208/tools/bin/../lib/gcc/arm-none-eabi/7.3.1/thumb/v7-m/crtbegin.o
                0x0000000020000000                . = ALIGN (0x4)

.bss            0x0000000020000000       0x64 load address 0x0000000008001018
                0x0000000020000000                _sbss = .
                0x0000000020000000                __bss_start__ = _sbss
 *(.bss)
 .bss           0x0000000020000000       0x1c c:/st/stm32cubeide_1.4.0/stm32cubeide/plugins/com.st.stm32cube.ide.mcu.externaltools.gnu-tools-for-stm32.7-2018-q2-update.win32_1.4.0.202007081208/tools/bin/../lib/gcc/arm-none-eabi/7.3.1/thumb/v7-m/crtbegin.o
 *(.bss*)
 .bss.Count     0x000000002000001c        0x4 LCD_Driver/LCD.o
                0x000000002000001c                Count
 .bss.Display_Feature
                0x0000000020000020        0x1 LCD_Driver/LCD.o
                0x0000000020000020                Display_Feature
 .bss.IRQ_Flag  0x0000000020000021        0x1 Src/main.o
                0x0000000020000021                IRQ_Flag
 *(COMMON)
 *fill*         0x0000000020000022        0x2 
 COMMON         0x0000000020000024        0x4 LCD_Driver/LCD.o
                0x0000000020000024                PinConfig
 COMMON         0x0000000020000028       0x3c Stm32_F103C6_Drivers/EXTI/Stm32_F103C6_EXTI_Driver.o
                0x0000000020000028                GP_IRQ_Callback
                0x0000000020000064                . = ALIGN (0x4)
                0x0000000020000064                _ebss = .
                0x0000000020000064                __bss_end__ = _ebss

._user_heap_stack
                0x0000000020000064      0x604 load address 0x0000000008001018
                0x0000000020000068                . = ALIGN (0x8)
 *fill*         0x0000000020000064        0x4 
                [!provide]                        PROVIDE (end = .)
                0x0000000020000068                PROVIDE (_end = .)
                0x0000000020000268                . = (. + _Min_Heap_Size)
 *fill*         0x0000000020000068      0x200 
                0x0000000020000668                . = (. + _Min_Stack_Size)
 *fill*         0x0000000020000268      0x400 
                0x0000000020000668                . = ALIGN (0x8)

/DISCARD/
 libc.a(*)
 libm.a(*)
 libgcc.a(*)

.ARM.attributes
                0x0000000000000000       0x29
 *(.ARM.attributes)
 .ARM.attributes
                0x0000000000000000       0x1d c:/st/stm32cubeide_1.4.0/stm32cubeide/plugins/com.st.stm32cube.ide.mcu.externaltools.gnu-tools-for-stm32.7-2018-q2-update.win32_1.4.0.202007081208/tools/bin/../lib/gcc/arm-none-eabi/7.3.1/thumb/v7-m/crti.o
 .ARM.attributes
                0x000000000000001d       0x2d c:/st/stm32cubeide_1.4.0/stm32cubeide/plugins/com.st.stm32cube.ide.mcu.externaltools.gnu-tools-for-stm32.7-2018-q2-update.win32_1.4.0.202007081208/tools/bin/../lib/gcc/arm-none-eabi/7.3.1/thumb/v7-m/crtbegin.o
 .ARM.attributes
                0x000000000000004a       0x33 LCD_Driver/LCD.o
 .ARM.attributes
                0x000000000000007d       0x33 Src/main.o
 .ARM.attributes
                0x00000000000000b0       0x21 Startup/startup_stm32f103c6tx.o
 .ARM.attributes
                0x00000000000000d1       0x33 Stm32_F103C6_Drivers/EXTI/Stm32_F103C6_EXTI_Driver.o
 .ARM.attributes
                0x0000000000000104       0x33 Stm32_F103C6_Drivers/GPIO/Stm32_F103C6_GPIO_Driver.o
 .ARM.attributes
                0x0000000000000137       0x2d c:/st/stm32cubeide_1.4.0/stm32cubeide/plugins/com.st.stm32cube.ide.mcu.externaltools.gnu-tools-for-stm32.7-2018-q2-update.win32_1.4.0.202007081208/tools/bin/../lib/gcc/arm-none-eabi/7.3.1/../../../../arm-none-eabi/lib/thumb/v7-m\libc_nano.a(lib_a-init.o)
 .ARM.attributes
                0x0000000000000164       0x1d c:/st/stm32cubeide_1.4.0/stm32cubeide/plugins/com.st.stm32cube.ide.mcu.externaltools.gnu-tools-for-stm32.7-2018-q2-update.win32_1.4.0.202007081208/tools/bin/../lib/gcc/arm-none-eabi/7.3.1/thumb/v7-m/crtn.o
OUTPUT(Drivers.elf elf32-littlearm)

.debug_info     0x0000000000000000     0x3405
 .debug_info    0x0000000000000000      0xcaf LCD_Driver/LCD.o
 .debug_info    0x0000000000000caf      0xc23 Src/main.o
 .debug_info    0x00000000000018d2       0x22 Startup/startup_stm32f103c6tx.o
 .debug_info    0x00000000000018f4      0xdb8 Stm32_F103C6_Drivers/EXTI/Stm32_F103C6_EXTI_Driver.o
 .debug_info    0x00000000000026ac      0xd59 Stm32_F103C6_Drivers/GPIO/Stm32_F103C6_GPIO_Driver.o

.debug_abbrev   0x0000000000000000      0x85a
 .debug_abbrev  0x0000000000000000      0x20e LCD_Driver/LCD.o
 .debug_abbrev  0x000000000000020e      0x1f8 Src/main.o
 .debug_abbrev  0x0000000000000406       0x12 Startup/startup_stm32f103c6tx.o
 .debug_abbrev  0x0000000000000418      0x210 Stm32_F103C6_Drivers/EXTI/Stm32_F103C6_EXTI_Driver.o
 .debug_abbrev  0x0000000000000628      0x232 Stm32_F103C6_Drivers/GPIO/Stm32_F103C6_GPIO_Driver.o

.debug_loc      0x0000000000000000      0xaf8
 .debug_loc     0x0000000000000000      0x3a4 LCD_Driver/LCD.o
 .debug_loc     0x00000000000003a4      0x104 Src/main.o
 .debug_loc     0x00000000000004a8      0x320 Stm32_F103C6_Drivers/EXTI/Stm32_F103C6_EXTI_Driver.o
 .debug_loc     0x00000000000007c8      0x330 Stm32_F103C6_Drivers/GPIO/Stm32_F103C6_GPIO_Driver.o

.debug_aranges  0x0000000000000000      0x1d8
 .debug_aranges
                0x0000000000000000       0x98 LCD_Driver/LCD.o
 .debug_aranges
                0x0000000000000098       0x38 Src/main.o
 .debug_aranges
                0x00000000000000d0       0x28 Startup/startup_stm32f103c6tx.o
 .debug_aranges
                0x00000000000000f8       0x80 Stm32_F103C6_Drivers/EXTI/Stm32_F103C6_EXTI_Driver.o
 .debug_aranges
                0x0000000000000178       0x60 Stm32_F103C6_Drivers/GPIO/Stm32_F103C6_GPIO_Driver.o

.debug_ranges   0x0000000000000000      0x190
 .debug_ranges  0x0000000000000000       0x88 LCD_Driver/LCD.o
 .debug_ranges  0x0000000000000088       0x28 Src/main.o
 .debug_ranges  0x00000000000000b0       0x20 Startup/startup_stm32f103c6tx.o
 .debug_ranges  0x00000000000000d0       0x70 Stm32_F103C6_Drivers/EXTI/Stm32_F103C6_EXTI_Driver.o
 .debug_ranges  0x0000000000000140       0x50 Stm32_F103C6_Drivers/GPIO/Stm32_F103C6_GPIO_Driver.o

.debug_macro    0x0000000000000000      0x8df
 .debug_macro   0x0000000000000000      0x15e LCD_Driver/LCD.o
 .debug_macro   0x000000000000015e       0xd0 LCD_Driver/LCD.o
 .debug_macro   0x000000000000022e      0x177 Src/main.o
 .debug_macro   0x00000000000003a5       0x40 Src/main.o
 .debug_macro   0x00000000000003e5       0x4c Src/main.o
 .debug_macro   0x0000000000000431      0x21b Src/main.o
 .debug_macro   0x000000000000064c      0x154 Stm32_F103C6_Drivers/EXTI/Stm32_F103C6_EXTI_Driver.o
 .debug_macro   0x00000000000007a0      0x13f Stm32_F103C6_Drivers/GPIO/Stm32_F103C6_GPIO_Driver.o

.debug_line     0x0000000000000000     0x1cbc
 .debug_line    0x0000000000000000      0x76f LCD_Driver/LCD.o
 .debug_line    0x000000000000076f      0x6e3 Src/main.o
 .debug_line    0x0000000000000e52       0x84 Startup/startup_stm32f103c6tx.o
 .debug_line    0x0000000000000ed6      0x74f Stm32_F103C6_Drivers/EXTI/Stm32_F103C6_EXTI_Driver.o
 .debug_line    0x0000000000001625      0x697 Stm32_F103C6_Drivers/GPIO/Stm32_F103C6_GPIO_Driver.o

.debug_str      0x0000000000000000     0x9642
 .debug_str     0x0000000000000000     0x7e38 LCD_Driver/LCD.o
                                       0x80bb (size before relaxing)
 .debug_str     0x0000000000007e38     0x14a3 Src/main.o
                                       0x93a8 (size before relaxing)
 .debug_str     0x00000000000092db       0x31 Startup/startup_stm32f103c6tx.o
                                         0x75 (size before relaxing)
 .debug_str     0x000000000000930c      0x219 Stm32_F103C6_Drivers/EXTI/Stm32_F103C6_EXTI_Driver.o
                                       0x91c6 (size before relaxing)
 .debug_str     0x0000000000009525      0x11d Stm32_F103C6_Drivers/GPIO/Stm32_F103C6_GPIO_Driver.o
                                       0x7e05 (size before relaxing)

.comment        0x0000000000000000       0x7b
 .comment       0x0000000000000000       0x7b LCD_Driver/LCD.o
                                         0x7c (size before relaxing)
 .comment       0x000000000000007b       0x7c Src/main.o
 .comment       0x000000000000007b       0x7c Stm32_F103C6_Drivers/EXTI/Stm32_F103C6_EXTI_Driver.o
 .comment       0x000000000000007b       0x7c Stm32_F103C6_Drivers/GPIO/Stm32_F103C6_GPIO_Driver.o

.debug_frame    0x0000000000000000      0x5ec
 .debug_frame   0x0000000000000000      0x204 LCD_Driver/LCD.o
 .debug_frame   0x0000000000000204       0x94 Src/main.o
 .debug_frame   0x0000000000000298      0x1b0 Stm32_F103C6_Drivers/EXTI/Stm32_F103C6_EXTI_Driver.o
 .debug_frame   0x0000000000000448      0x178 Stm32_F103C6_Drivers/GPIO/Stm32_F103C6_GPIO_Driver.o
 .debug_frame   0x00000000000005c0       0x2c c:/st/stm32cubeide_1.4.0/stm32cubeide/plugins/com.st.stm32cube.ide.mcu.externaltools.gnu-tools-for-stm32.7-2018-q2-update.win32_1.4.0.202007081208/tools/bin/../lib/gcc/arm-none-eabi/7.3.1/../../../../arm-none-eabi/lib/thumb/v7-m\libc_nano.a(lib_a-init.o)
