
Allocating common symbols
Common symbol       size              file

i                   0x4               startup.o

Memory Configuration

Name             Origin             Length             Attributes
flash            0x00000000         0x20000000         xr
sram             0x20000000         0x20000000         xrw
*default*        0x00000000         0xffffffff

Linker script and memory map


.text           0x00000000      0x1c0
 *(.vectors*)
 .vectors       0x00000000       0x10 startup.o
                0x00000000                gP_fun_vectors
 *(.text*)
 .text          0x00000010       0xb4 main.o
                0x00000010                main
 .text          0x000000c4       0xfc startup.o
                0x000000c4                H_Fault_Handler
                0x000000c4                Default_Handler
                0x000000c4                NMI_Handler
                0x000000d0                Reset_Handler
 *(.rodata)
                0x000001c0                _E_text = .

.glue_7         0x000001c0        0x0
 .glue_7        0x00000000        0x0 linker stubs

.glue_7t        0x000001c0        0x0
 .glue_7t       0x00000000        0x0 linker stubs

.vfp11_veneer   0x000001c0        0x0
 .vfp11_veneer  0x00000000        0x0 linker stubs

.v4_bx          0x000001c0        0x0
 .v4_bx         0x00000000        0x0 linker stubs

.iplt           0x000001c0        0x0
 .iplt          0x00000000        0x0 main.o

.rel.dyn        0x000001c0        0x0
 .rel.iplt      0x00000000        0x0 main.o

.data           0x20000000       0x10 load address 0x000001c0
                0x20000000                _S_data = .
 *(.data)
 .data          0x20000000       0x10 main.o
                0x20000000                GPIOF_DIR
                0x20000004                GPIOF_DEN
                0x20000008                GPIOF_DATA
                0x2000000c                SYSCTL_RCGC2
 .data          0x20000010        0x0 startup.o
                0x20000010                _E_data = .

.igot.plt       0x20000010        0x0 load address 0x000001d0
 .igot.plt      0x00000000        0x0 main.o

.bss            0x20000010      0x404 load address 0x000001d0
                0x20000010                _S_bss = .
 *(.bss)
 .bss           0x20000010        0x0 main.o
 .bss           0x20000010      0x400 startup.o
 *(.stack)
                0x20000410                . = ALIGN (0x4)
                0x20000410                _E_bss = .
 COMMON         0x20000410        0x4 startup.o
                0x20000410                i
LOAD main.o
LOAD startup.o
OUTPUT(lab_3.elf elf32-littlearm)

.debug_info     0x00000000      0x27f
 .debug_info    0x00000000      0x12f main.o
 .debug_info    0x0000012f      0x150 startup.o

.debug_abbrev   0x00000000      0x180
 .debug_abbrev  0x00000000       0xca main.o
 .debug_abbrev  0x000000ca       0xb6 startup.o

.debug_loc      0x00000000       0x9c
 .debug_loc     0x00000000       0x38 main.o
 .debug_loc     0x00000038       0x64 startup.o

.debug_aranges  0x00000000       0x40
 .debug_aranges
                0x00000000       0x20 main.o
 .debug_aranges
                0x00000020       0x20 startup.o

.debug_line     0x00000000       0xca
 .debug_line    0x00000000       0x63 main.o
 .debug_line    0x00000063       0x67 startup.o

.debug_str      0x00000000      0x199
 .debug_str     0x00000000       0xfe main.o
 .debug_str     0x000000fe       0x9b startup.o
                                0x13a (size before relaxing)

.comment        0x00000000       0x11
 .comment       0x00000000       0x11 main.o
                                 0x12 (size before relaxing)
 .comment       0x00000000       0x12 startup.o

.ARM.attributes
                0x00000000       0x33
 .ARM.attributes
                0x00000000       0x33 main.o
 .ARM.attributes
                0x00000033       0x33 startup.o

.debug_frame    0x00000000       0x78
 .debug_frame   0x00000000       0x2c main.o
 .debug_frame   0x0000002c       0x4c startup.o
